/home/ICer/IC/Projects/System/RTL/ALU.v
/home/ICer/IC/Projects/System/RTL/ASYNC_FIFO.v
/home/ICer/IC/Projects/System/RTL/ClkDiv.v
/home/ICer/IC/Projects/System/RTL/Clk_Div_Mux.v
/home/ICer/IC/Projects/System/RTL/CLK_GATE.v
/home/ICer/IC/Projects/System/RTL/data_sampling.v
/home/ICer/IC/Projects/System/RTL/Data_Sync.v
/home/ICer/IC/Projects/System/RTL/deserializer.v
/home/ICer/IC/Projects/System/RTL/DF_SYNC.v
/home/ICer/IC/Projects/System/RTL/edge_bit_counter.v
/home/ICer/IC/Projects/System/RTL/FIFO_MEM_CNTRL.v
/home/ICer/IC/Projects/System/RTL/FIFO_rptr.v
/home/ICer/IC/Projects/System/RTL/FIFO_wptr.v
/home/ICer/IC/Projects/System/RTL/Final_System.v
/home/ICer/IC/Projects/System/RTL/FSM_RX.sv
/home/ICer/IC/Projects/System/RTL/FSM_TX.sv
/home/ICer/IC/Projects/System/RTL/MUX.v
/home/ICer/IC/Projects/System/RTL/NOT.v
/home/ICer/IC/Projects/System/RTL/Parity_calc.v
/home/ICer/IC/Projects/System/RTL/parity_check.v
/home/ICer/IC/Projects/System/RTL/PULSE_GEN.v
/home/ICer/IC/Projects/System/RTL/Register_File.v
/home/ICer/IC/Projects/System/RTL/RST_SYNC.v
/home/ICer/IC/Projects/System/RTL/serializer.v
/home/ICer/IC/Projects/System/RTL/stop_check.v
/home/ICer/IC/Projects/System/RTL/strt_check.v
/home/ICer/IC/Projects/System/RTL/SYS_CTRL.sv
/home/ICer/IC/Projects/System/RTL/UART_RX.v
/home/ICer/IC/Projects/System/RTL/UART_TX.v
