
################################################################################
#
# This file has been generated by SpyGlass:
#     Report Name      : moresimple
#     Report Created by: ICer
#     Report Created on:  Sun Oct  4 02:38:42 2026
#     Working Directory: /home/ICer/IC/Projects/System/cdc
#     SpyGlass Version : SpyGlass_vL-2016.06
#     Policy Name      : SpyGlass(SpyGlass_vL-2016.06)
#                        clock-reset(SpyGlass_vL-2016.06)
#
#     Total Number of Generated Messages :         48
#     Number of Waived Messages          :          3
#     Number of Reported Messages        :         45
#     Number of Overlimit Messages       :          0
#
#
################################################################################

+++++++++++++++++++++++++++++++++++++++++++++++++++++++++++++++++++++++
MORESIMPLE REPORT:


############### BuiltIn -> RuleGroup=Design Read ###############
+++++++++++++++++++++++++++++++++++++++++++++++++++++++++++++++++++++++++++++++++++++++
ID       Rule                    Alias                   Severity    File                                                                               Line    Wt    Message
======================================================================================
[1]      DetectTopDesignUnits    DetectTopDesignUnits    Info        ../RTL/Final_System.v                                                              1       2     Module Final_System is a top level design unit
[19]     Domain_Matrix01                                 Info        Final_System.sgdc                                                                  4       10    Domain Matrix for design "Final_System",  based on the individual constraints defined in the SDC as inferred in the Sta mode
[0]      ElabSummary             ElabSummary             Info        ./spyglass-1/cdc/cdc_verify_struct/spyglass_reports/SpyGlass/elab_summary.rpt      0       2     Please refer file './spyglass-1/cdc/cdc_verify_struct/spyglass_reports/SpyGlass/elab_summary.rpt' for elab summary report
[4A]     Info_Case_Analysis      showSimVal              Info        ../RTL/Final_System.v                                                              1       10    Information for set_case_analysis value propagation for design 'Final_System' is displayed
[23]     SDC2SGDC_INFO                                   Info        ./spyglass-1/cdc/cdc_verify_struct/spyglass_reports/sdc2sgdc/sdc2sgdc.sgdc.5707    1       10    Sgdc file "./spyglass-1/cdc/cdc_verify_struct/spyglass_reports/sdc2sgdc/sdc2sgdc.sgdc.5707" generated after successful SDC2SGDC translation
[24]     SDC_Mapping01                                   Info        N.A                                                                                0       10    Mapping of SDC Commands Generated
+++++++++++++++++++++++++++++++++++++++++++++++++++++++++++++++++++++++++++++++++++++++


############### Non-BuiltIn -> Goal=cdc/cdc_verify_struct ###############
+++++++++++++++++++++++++++++++++++++++++++++++++++++++++++++++++++++++++++++++++++++++
ID       Rule                    Alias    Severity    File                                                                                                Line    Wt    Message
======================================================================================
[4F]     Ac_crossing01                    Info        ../RTL/Final_System.v                                                                               1       10    CrossingMatrix spreadsheet generated for design 'Final_System'
[45]     Ac_sync01                        Info        ../RTL/ClkDiv.v                                                                                     59      2     Synchronized Crossing: destination flop Final_System.ClkDiv_RX.clk_div, clocked by Final_System.UART_CLK, source flop Final_System.regfile.Reg_file[2][7:2], clocked by Final_System.REF_CLK, by method: does not require synchronization (long-delay/quasi-static) [Total Sources: 1 (Number of source domains: 1)]
[49]     Ac_sync01                        Info        ../RTL/ClkDiv.v                                                                                     59      2     Synchronized Crossing: destination flop Final_System.ClkDiv_TX.clk_div, clocked by Final_System.UART_CLK, source flop Final_System.regfile.Reg_file[3][7:0], clocked by Final_System.REF_CLK, by method: does not require synchronization (long-delay/quasi-static) [Total Sources: 1 (Number of source domains: 1)]
[44]     Ac_sync01                        Info        ../RTL/ClkDiv.v                                                                                     87      2     Synchronized Crossing: destination flop Final_System.ClkDiv_RX.clk_odd_div, clocked by Final_System.UART_CLK, source flop Final_System.regfile.Reg_file[2][7:2], clocked by Final_System.REF_CLK, by method: does not require synchronization (long-delay/quasi-static) [Total Sources: 1 (Number of source domains: 1)]
[48]     Ac_sync01                        Info        ../RTL/ClkDiv.v                                                                                     87      2     Synchronized Crossing: destination flop Final_System.ClkDiv_TX.clk_odd_div, clocked by Final_System.UART_CLK, source flop Final_System.regfile.Reg_file[3][7:0], clocked by Final_System.REF_CLK, by method: does not require synchronization (long-delay/quasi-static) [Total Sources: 1 (Number of source domains: 1)]
[2B]     Ac_sync01                        Info        ../RTL/FSM_RX.sv                                                                                    52      2     Synchronized Crossing: destination flop Final_System.UART_RX.FSM_RX.data_valid, clocked by Final_System.UART_CLK, source flop Final_System.regfile.Reg_file[2][0], clocked by Final_System.REF_CLK, by method: does not require synchronization (long-delay/quasi-static) [Total Sources: 1 (Number of source domains: 1)]
[3F]     Ac_sync01                        Info        ../RTL/Parity_calc.v                                                                                20      2     Synchronized Crossing: destination flop Final_System.UART_TX.Parity_calc.Par_bit, clocked by Final_System.UART_CLK, source flop Final_System.ASYNC_FIFO.FIFO_MEM_CNTRL.mem[7:0][7:0], clocked by Final_System.REF_CLK, by method: Enable Based Synchronizer [Total Sources: 2 (Number of source domains: 1)]
[3C]     Ac_sync01                        Info        ../RTL/data_sampling.v                                                                              33      2     Synchronized Crossing: destination flop Final_System.UART_RX.data_sampling.bit_1, clocked by Final_System.UART_CLK, source flop Final_System.regfile.Reg_file[2][7:2], clocked by Final_System.REF_CLK, by method: does not require synchronization (long-delay/quasi-static) [Total Sources: 2 (Number of source domains: 1)]
[3A]     Ac_sync01                        Info        ../RTL/data_sampling.v                                                                              34      2     Synchronized Crossing: destination flop Final_System.UART_RX.data_sampling.bit_2, clocked by Final_System.UART_CLK, source flop Final_System.regfile.Reg_file[2][7:2], clocked by Final_System.REF_CLK, by method: does not require synchronization (long-delay/quasi-static) [Total Sources: 2 (Number of source domains: 1)]
[38]     Ac_sync01                        Info        ../RTL/data_sampling.v                                                                              35      2     Synchronized Crossing: destination flop Final_System.UART_RX.data_sampling.bit_3, clocked by Final_System.UART_CLK, source flop Final_System.regfile.Reg_file[2][7:2], clocked by Final_System.REF_CLK, by method: does not require synchronization (long-delay/quasi-static) [Total Sources: 2 (Number of source domains: 1)]
[2F]     Ac_sync01                        Info        ../RTL/parity_check.v                                                                               28      2     Synchronized Crossing: destination flop Final_System.UART_RX.parity_check.par_err, clocked by Final_System.UART_CLK, source flop Final_System.regfile.Reg_file[2][7:1], clocked by Final_System.REF_CLK, by method: does not require synchronization (long-delay/quasi-static) [Total Sources: 1 (Number of source domains: 1)]
[2E]     Ac_sync01                        Info        ../RTL/stop_check.v                                                                                 17      2     Synchronized Crossing: destination flop Final_System.UART_RX.stop_check.stp_err, clocked by Final_System.UART_CLK, source flop Final_System.regfile.Reg_file[2][7:2], clocked by Final_System.REF_CLK, by method: does not require synchronization (long-delay/quasi-static) [Total Sources: 2 (Number of source domains: 1)]
[30]     Ac_sync01                        Info        ../RTL/strt_check.v                                                                                 21      2     Synchronized Crossing: destination flop Final_System.UART_RX.strt_check.strt_glitch, clocked by Final_System.UART_CLK, source flop Final_System.regfile.Reg_file[2][7:2], clocked by Final_System.REF_CLK, by method: does not require synchronization (long-delay/quasi-static) [Total Sources: 1 (Number of source domains: 1)]
[43]     Ac_sync02                        Info        ../RTL/ClkDiv.v                                                                                     60      2     Synchronized Crossing: destination flop Final_System.ClkDiv_RX.count_positive[7:0], clocked by Final_System.UART_CLK, source flop Final_System.regfile.Reg_file[2][7:2], clocked by Final_System.REF_CLK, by method: does not require synchronization (long-delay/quasi-static) [Total Sources: 1 (Number of source domains: 1)]
[47]     Ac_sync02                        Info        ../RTL/ClkDiv.v                                                                                     60      2     Synchronized Crossing: destination flop Final_System.ClkDiv_TX.count_positive[7:0], clocked by Final_System.UART_CLK, source flop Final_System.regfile.Reg_file[3][7:0], clocked by Final_System.REF_CLK, by method: does not require synchronization (long-delay/quasi-static) [Total Sources: 1 (Number of source domains: 1)]
[42]     Ac_sync02                        Info        ../RTL/ClkDiv.v                                                                                     88      2     Synchronized Crossing: destination flop Final_System.ClkDiv_RX.count_negative[7:0], clocked by Final_System.UART_CLK, source flop Final_System.regfile.Reg_file[2][7:2], clocked by Final_System.REF_CLK, by method: does not require synchronization (long-delay/quasi-static) [Total Sources: 1 (Number of source domains: 1)]
[46]     Ac_sync02                        Info        ../RTL/ClkDiv.v                                                                                     88      2     Synchronized Crossing: destination flop Final_System.ClkDiv_TX.count_negative[7:0], clocked by Final_System.UART_CLK, source flop Final_System.regfile.Reg_file[3][7:0], clocked by Final_System.REF_CLK, by method: does not require synchronization (long-delay/quasi-static) [Total Sources: 1 (Number of source domains: 1)]
[29]     Ac_sync02                        Info        ../RTL/DF_SYNC.v                                                                                    18      2     Synchronized Crossing: destination flop Final_System.ASYNC_FIFO.DF_SYNC_W.MULTI_FLIP_FLOP[4:0][1], clocked by Final_System.REF_CLK, source flop Final_System.ASYNC_FIFO.FIFO_rptr.R_ptr[4:0], clocked by Final_System.UART_CLK, by method: Conventional multi-flop for metastability technique [Total Sources: 1 (Number of source domains: 1)]
[3D]     Ac_sync02                        Info        ../RTL/DF_SYNC.v                                                                                    18      2     Synchronized Crossing: destination flop Final_System.ASYNC_FIFO.DF_SYNC_R.MULTI_FLIP_FLOP[4:0][1], clocked by Final_System.UART_CLK, source flop Final_System.ASYNC_FIFO.FIFO_wptr.W_ptr[4:0], clocked by Final_System.REF_CLK, by method: Conventional multi-flop for metastability technique [Total Sources: 1 (Number of source domains: 1)]
[2A]     Ac_sync02                        Info        ../RTL/Data_Sync.v                                                                                  22      2     Synchronized Crossing: destination flop Final_System.DATA_SYNC.MULTI_FLIP_FLOP[1], clocked by Final_System.REF_CLK, source flop Final_System.UART_RX.FSM_RX.data_valid, clocked by Final_System.UART_CLK, by method: Conventional multi-flop for metastability technique [Total Sources: 1 (Number of source domains: 1)]
[28]     Ac_sync02                        Info        ../RTL/Data_Sync.v                                                                                  32      2     Synchronized Crossing: destination flop Final_System.DATA_SYNC.sync_bus[7:0], clocked by Final_System.REF_CLK, source flop Final_System.UART_RX.deserializer.P_DATA[7:0], clocked by Final_System.UART_CLK, by method: Enable Based Synchronizer [Total Sources: 1 (Number of source domains: 1)]
[36]     Ac_sync02                        Info        ../RTL/FSM_RX.sv                                                                                    40      2     Synchronized Crossing: destination flop Final_System.UART_RX.FSM_RX.current_state[3:0], clocked by Final_System.UART_CLK, source flop Final_System.regfile.Reg_file[2][7:2], clocked by Final_System.REF_CLK, by method: does not require synchronization (long-delay/quasi-static) [Total Sources: 2 (Number of source domains: 1)]
[40]     Ac_sync02                        Info        ../RTL/FSM_TX.sv                                                                                    28      2     Synchronized Crossing: destination flop Final_System.UART_TX.FSM_TX.current_state[2:0], clocked by Final_System.UART_CLK, source flop Final_System.regfile.Reg_file[2][0], clocked by Final_System.REF_CLK, by method: does not require synchronization (long-delay/quasi-static) [Total Sources: 1 (Number of source domains: 1)]
[2C]     Ac_sync02                        Info        ../RTL/deserializer.v                                                                               22      2     Synchronized Crossing: destination flop Final_System.UART_RX.deserializer.P_DATA[7:0], clocked by Final_System.UART_CLK, source flop Final_System.regfile.Reg_file[2][7:2], clocked by Final_System.REF_CLK, by method: does not require synchronization (long-delay/quasi-static) [Total Sources: 1 (Number of source domains: 1)]
[34]     Ac_sync02                        Info        ../RTL/edge_bit_counter.v                                                                           23      2     Synchronized Crossing: destination flop Final_System.UART_RX.edge_bit_counter.edge_cnt[5:0], clocked by Final_System.UART_CLK, source flop Final_System.regfile.Reg_file[2][7:2], clocked by Final_System.REF_CLK, by method: does not require synchronization (long-delay/quasi-static) [Total Sources: 2 (Number of source domains: 1)]
[32]     Ac_sync02                        Info        ../RTL/edge_bit_counter.v                                                                           38      2     Synchronized Crossing: destination flop Final_System.UART_RX.edge_bit_counter.bit_cnt[3:0], clocked by Final_System.UART_CLK, source flop Final_System.regfile.Reg_file[2][7:2], clocked by Final_System.REF_CLK, by method: does not require synchronization (long-delay/quasi-static) [Total Sources: 2 (Number of source domains: 1)]
[41]     Ac_sync02                        Info        ../RTL/serializer.v                                                                                 25      2     Synchronized Crossing: destination flop Final_System.UART_TX.serializer.shift_register[7:0], clocked by Final_System.UART_CLK, source flop Final_System.ASYNC_FIFO.FIFO_MEM_CNTRL.mem[7:0][7:0], clocked by Final_System.REF_CLK, by method: Mux-select sync [Total Sources: 1 (Number of source domains: 1)]
[54]     Ar_sync01                        Info        ../RTL/Data_Sync.v                                                                                  32      10    Reset signal 'Final_System.RST' for 'clear' pin of flop 'Final_System.DATA_SYNC.sync_bus[0]', clocked by 'Final_System.REF_CLK', is synchronized by method: Multi-flop reset synchronizer (Name:Final_System.RST_SYNC_1.synchronizer[0])
[53]     Ar_sync01                        Info        ../RTL/FSM_RX.sv                                                                                    40      10    Reset signal 'Final_System.RST' for 'clear' pin of flop 'Final_System.UART_RX.FSM_RX.current_state[0]', clocked by 'Final_System.UART_CLK', is synchronized by method: Multi-flop reset synchronizer (Name:Final_System.RST_SYNC_2.synchronizer[0])
[55]     Ar_syncdeassert01                Info        ../RTL/Data_Sync.v                                                                                  32      10    Reset signal 'Final_System.RST' for 'clear' pin of flop 'Final_System.DATA_SYNC.sync_bus[0]', synchronously de-asserts relative to clock signal 'Final_System.REF_CLK'
[56]     Ar_syncdeassert01                Info        ../RTL/FSM_RX.sv                                                                                    40      10    Reset signal 'Final_System.RST' for 'clear' pin of flop 'Final_System.UART_RX.FSM_RX.current_state[0]', synchronously de-asserts relative to clock signal 'Final_System.UART_CLK'
[51]     Clock_info02                     Info        N.A.                                                                                                0       2     Clock Tree generated
[60]     Clock_info15                     Info        N.A.                                                                                                0       2     Port-Clock information generated for PortClockMatrix report
[25]     Propagate_Clocks                 Info        ../RTL/Final_System.v                                                                               9       2     For Final_System, clock(s) 'Final_System.REF_CLK' of domain 'd0' propagated
[27]     Propagate_Clocks                 Info        ../RTL/Final_System.v                                                                               10      2     For Final_System, clock(s) 'Final_System.UART_CLK' of domain 'd1' propagated
[50]     Propagate_Resets                 Info        ../RTL/Final_System.v                                                                               11      2     For Final_System, reset 'Final_System.RST' propagated
[52]     Reset_info02                     Info        N.A.                                                                                                0       2     Reset Tree generated
[61]     Setup_port01                     Info        ./spyglass-1/cdc/cdc_verify_struct/spyglass_reports/clock-reset/Final_System_input_abstract.sgdc    0       2     Abstracted sgdc file for input ports of block 'Final_System' is generated
[4E]     Setup_quasi_static01             Info        ./spyglass-1/cdc/cdc_verify_struct/spyglass_reports/clock-reset/auto_quasi_static.sgdc              25      2     For design 'Final_System', '3' quasi_static constraint(s) inferred
+++++++++++++++++++++++++++++++++++++++++++++++++++++++++++++++++++++++++++++++++++++++