
################################################################################
#
# This file has been generated by SpyGlass:
#     Report Name      : moresimple
#     Report Created by: ICer
#     Report Created on:  Sun Oct  4 02:43:48 2026
#     Working Directory: /home/ICer/IC/Projects/System/cdc
#     SpyGlass Version : SpyGlass_vL-2016.06
#     Policy Name      : SpyGlass(SpyGlass_vL-2016.06)
#                        clock-reset(SpyGlass_vL-2016.06)
#                        timing(SpyGlass_vL-2016.06)
#
#     Total Number of Generated Messages :         14
#     Number of Waived Messages          :          4
#     Number of Reported Messages        :         10
#     Number of Overlimit Messages       :          0
#
#
################################################################################

+++++++++++++++++++++++++++++++++++++++++++++++++++++++++++++++++++++++
MORESIMPLE REPORT:


############### BuiltIn -> RuleGroup=Design Read ###############
+++++++++++++++++++++++++++++++++++++++++++++++++++++++++++++++++++++++++++++++++++++++
ID       Rule                    Alias                   Severity    File                                                                                   Line    Wt    Message
======================================================================================
[1]      DetectTopDesignUnits    DetectTopDesignUnits    Info        ../RTL/Final_System.v                                                                  1       2     Module Final_System is a top level design unit
[19]     Domain_Matrix01                                 Info        Final_System.sgdc                                                                      4       10    Domain Matrix for design "Final_System",  based on the individual constraints defined in the SDC as inferred in the Sta mode
[0]      ElabSummary             ElabSummary             Info        ./spyglass-1/cdc/clock_reset_integrity/spyglass_reports/SpyGlass/elab_summary.rpt      0       2     Please refer file './spyglass-1/cdc/clock_reset_integrity/spyglass_reports/SpyGlass/elab_summary.rpt' for elab summary report
[28]     Info_Case_Analysis      showSimVal              Info        ../RTL/Final_System.v                                                                  1       10    Information for set_case_analysis value propagation for design 'Final_System' is displayed
[23]     SDC2SGDC_INFO                                   Info        ./spyglass-1/cdc/clock_reset_integrity/spyglass_reports/sdc2sgdc/sdc2sgdc.sgdc.5707    1       10    Sgdc file "./spyglass-1/cdc/clock_reset_integrity/spyglass_reports/sdc2sgdc/sdc2sgdc.sgdc.5707" generated after successful SDC2SGDC translation
[24]     SDC_Mapping01                                   Info        N.A                                                                                    0       10    Mapping of SDC Commands Generated
+++++++++++++++++++++++++++++++++++++++++++++++++++++++++++++++++++++++++++++++++++++++


############### Non-BuiltIn -> Goal=cdc/clock_reset_integrity ###############
+++++++++++++++++++++++++++++++++++++++++++++++++++++++++++++++++++++++++++++++++++++++
ID       Rule                  Alias    Severity    File                     Line    Wt    Message
======================================================================================
[2C]     Clock_Reset_info01             Info        N.A.                     0       2     Clock-Reset Matrix information generated for Clock-Reset-Summary report
[25]     Propagate_Clocks               Info        ../RTL/Final_System.v    9       2     For Final_System, clock(s) 'Final_System.REF_CLK' of domain 'd0' propagated
[27]     Propagate_Clocks               Info        ../RTL/Final_System.v    10      2     For Final_System, clock(s) 'Final_System.UART_CLK' of domain 'd1' propagated
[29]     Propagate_Resets               Info        ../RTL/Final_System.v    11      2     For Final_System, reset 'Final_System.RST' propagated
+++++++++++++++++++++++++++++++++++++++++++++++++++++++++++++++++++++++++++++++++++++++