****************************************
Report : Time Based Power
Design : Final_System_dft
Version: O-2018.06-SP1
Date   : Fri Oct  9 03:37:39 2026
****************************************



  Attributes
  ----------
      i  -  Including register clock pin internal power
      u  -  User defined power group

                        Internal  Switching  Leakage    Total
Power Group             Power     Power      Power      Power   (     %)  Attrs
--------------------------------------------------------------------------------
clock_network           3.072e-04 2.500e-04 1.016e-06 5.583e-04 (98.03%)  i
register                5.118e-07 6.954e-07 3.410e-06 4.617e-06 ( 0.81%)  
combinational           9.401e-07 1.170e-06 4.513e-06 6.624e-06 ( 1.16%)  
sequential                 0.0000    0.0000    0.0000    0.0000 ( 0.00%)  
memory                     0.0000    0.0000    0.0000    0.0000 ( 0.00%)  
io_pad                     0.0000    0.0000    0.0000    0.0000 ( 0.00%)  
black_box                  0.0000    0.0000    0.0000    0.0000 ( 0.00%)  

  Net Switching Power  = 2.519e-04   (44.23%)
  Cell Internal Power  = 3.087e-04   (54.20%)
  Cell Leakage Power   = 8.939e-06   ( 1.57%)
                         ---------
Total Power            = 5.695e-04  (100.00%)

X Transition Power     = 8.844e-10
Glitching Power        = 1.670e-08

Peak Power             =    0.0519
Peak Time              = 309110.799500

1
