
                           Design Compiler Graphical 
                                 DC Ultra (TM)
                                  DFTMAX (TM)
                              Power Compiler (TM)
                                 DesignWare (R)
                                 DC Expert (TM)
                               Design Vision (TM)
                               HDL Compiler (TM)
                               VHDL Compiler (TM)
                                  DFT Compiler
                               Design Compiler(R)

               Version O-2018.06-SP1 for linux64 - Jul 19, 2018 

                    Copyright (c) 1988 - 2018 Synopsys, Inc.
   This software and the associated documentation are proprietary to Synopsys,
 Inc. This software may only be used in accordance with the terms and conditions
 of a written license agreement with Synopsys, Inc. All other use, reproduction,
            or distribution of this software is strictly prohibited.
Initializing...
Initializing gui preferences from file  /home/ICer/.synopsys_dv_prefs.tcl
########################### Define Top Module ############################
set top_module Final_System
Final_System
##################### Define Working Library Directory ######################
define_design_lib work -path ./work
1
############################# Formality Setup File ##########################
set_svf $top_module.svf
1
################## Design Compiler Library Files #setup ######################
puts "###########################################"
###########################################
puts "#      #setting Design Libraries          #"
#      #setting Design Libraries          #
puts "###########################################"
###########################################
#Add the path of the libraries to the search_path variable
lappend search_path /home/ICer/IC/Projects/System/Stdcell
. /home/synopsys/syn/O-2018.06-SP1/libraries/syn /home/synopsys/syn/O-2018.06-SP1/minpower/syn /home/synopsys/syn/O-2018.06-SP1/dw/syn_ver /home/synopsys/syn/O-2018.06-SP1/dw/sim_ver /home/ICer/IC/Projects/System/Stdcell
set SSLIB "scmetro_tsmc_cl013g_rvt_ss_1p08v_125c.db"
scmetro_tsmc_cl013g_rvt_ss_1p08v_125c.db
set TTLIB "scmetro_tsmc_cl013g_rvt_tt_1p2v_25c.db"
scmetro_tsmc_cl013g_rvt_tt_1p2v_25c.db
set FFLIB "scmetro_tsmc_cl013g_rvt_ff_1p32v_m40c.db"
scmetro_tsmc_cl013g_rvt_ff_1p32v_m40c.db
## Standard Cell libraries 
set target_library [list $SSLIB $TTLIB $FFLIB]
scmetro_tsmc_cl013g_rvt_ss_1p08v_125c.db scmetro_tsmc_cl013g_rvt_tt_1p2v_25c.db scmetro_tsmc_cl013g_rvt_ff_1p32v_m40c.db
## Standard Cell & Hard Macros libraries 
set link_library [list * $SSLIB $TTLIB $FFLIB]  
* scmetro_tsmc_cl013g_rvt_ss_1p08v_125c.db scmetro_tsmc_cl013g_rvt_tt_1p2v_25c.db scmetro_tsmc_cl013g_rvt_ff_1p32v_m40c.db
######################## Reading RTL Files #################################
puts "###########################################"
###########################################
puts "#            Reading RTL Files            #"
#            Reading RTL Files            #
puts "###########################################"
###########################################
set file_format sverilog
sverilog
set fh [open system.lst r+]
file11
set rtl [read $fh]
/home/ICer/IC/Projects/System/RTL/ALU.v
/home/ICer/IC/Projects/System/RTL/ASYNC_FIFO.v
/home/ICer/IC/Projects/System/RTL/ClkDiv.v
/home/ICer/IC/Projects/System/RTL/Clk_Div_Mux.v
/home/ICer/IC/Projects/System/RTL/CLK_GATE.v
/home/ICer/IC/Projects/System/RTL/data_sampling.v
/home/ICer/IC/Projects/System/RTL/Data_Sync.v
/home/ICer/IC/Projects/System/RTL/deserializer.v
/home/ICer/IC/Projects/System/RTL/DF_SYNC.v
/home/ICer/IC/Projects/System/RTL/edge_bit_counter.v
/home/ICer/IC/Projects/System/RTL/FIFO_MEM_CNTRL.v
/home/ICer/IC/Projects/System/RTL/FIFO_rptr.v
/home/ICer/IC/Projects/System/RTL/FIFO_wptr.v
/home/ICer/IC/Projects/System/RTL/Final_System.v
/home/ICer/IC/Projects/System/RTL/FSM_RX.sv
/home/ICer/IC/Projects/System/RTL/FSM_TX.sv
/home/ICer/IC/Projects/System/RTL/MUX.v
/home/ICer/IC/Projects/System/RTL/NOT.v
/home/ICer/IC/Projects/System/RTL/Parity_calc.v
/home/ICer/IC/Projects/System/RTL/parity_check.v
/home/ICer/IC/Projects/System/RTL/PULSE_GEN.v
/home/ICer/IC/Projects/System/RTL/Register_File.v
/home/ICer/IC/Projects/System/RTL/RST_SYNC.v
/home/ICer/IC/Projects/System/RTL/serializer.v
/home/ICer/IC/Projects/System/RTL/stop_check.v
/home/ICer/IC/Projects/System/RTL/strt_check.v
/home/ICer/IC/Projects/System/RTL/SYS_CTRL.sv
/home/ICer/IC/Projects/System/RTL/UART_RX.v
/home/ICer/IC/Projects/System/RTL/UART_TX.v

set designs ""
regsub -all "\n" $rtl " " designs
29
analyze -format $file_format [split $designs]
Running PRESTO HDLC
Compiling source file /home/ICer/IC/Projects/System/RTL/ALU.v
Compiling source file /home/ICer/IC/Projects/System/RTL/ASYNC_FIFO.v
Compiling source file /home/ICer/IC/Projects/System/RTL/ClkDiv.v
Compiling source file /home/ICer/IC/Projects/System/RTL/Clk_Div_Mux.v
Compiling source file /home/ICer/IC/Projects/System/RTL/CLK_GATE.v
Compiling source file /home/ICer/IC/Projects/System/RTL/data_sampling.v
Compiling source file /home/ICer/IC/Projects/System/RTL/Data_Sync.v
Compiling source file /home/ICer/IC/Projects/System/RTL/deserializer.v
Compiling source file /home/ICer/IC/Projects/System/RTL/DF_SYNC.v
Compiling source file /home/ICer/IC/Projects/System/RTL/edge_bit_counter.v
Compiling source file /home/ICer/IC/Projects/System/RTL/FIFO_MEM_CNTRL.v
Compiling source file /home/ICer/IC/Projects/System/RTL/FIFO_rptr.v
Compiling source file /home/ICer/IC/Projects/System/RTL/FIFO_wptr.v
Compiling source file /home/ICer/IC/Projects/System/RTL/Final_System.v
Compiling source file /home/ICer/IC/Projects/System/RTL/FSM_RX.sv
Compiling source file /home/ICer/IC/Projects/System/RTL/FSM_TX.sv
Compiling source file /home/ICer/IC/Projects/System/RTL/MUX.v
Compiling source file /home/ICer/IC/Projects/System/RTL/NOT.v
Compiling source file /home/ICer/IC/Projects/System/RTL/Parity_calc.v
Compiling source file /home/ICer/IC/Projects/System/RTL/parity_check.v
Compiling source file /home/ICer/IC/Projects/System/RTL/PULSE_GEN.v
Compiling source file /home/ICer/IC/Projects/System/RTL/Register_File.v
Compiling source file /home/ICer/IC/Projects/System/RTL/RST_SYNC.v
Compiling source file /home/ICer/IC/Projects/System/RTL/serializer.v
Compiling source file /home/ICer/IC/Projects/System/RTL/stop_check.v
Compiling source file /home/ICer/IC/Projects/System/RTL/strt_check.v
Compiling source file /home/ICer/IC/Projects/System/RTL/SYS_CTRL.sv
Compiling source file /home/ICer/IC/Projects/System/RTL/UART_RX.v
Compiling source file /home/ICer/IC/Projects/System/RTL/UART_TX.v
Compiling source file ./
Presto compilation completed successfully.
Loading db file '/home/ICer/IC/Projects/System/Stdcell/scmetro_tsmc_cl013g_rvt_ss_1p08v_125c.db'
Loading db file '/home/ICer/IC/Projects/System/Stdcell/scmetro_tsmc_cl013g_rvt_tt_1p2v_25c.db'
Loading db file '/home/ICer/IC/Projects/System/Stdcell/scmetro_tsmc_cl013g_rvt_ff_1p32v_m40c.db'
1
elaborate $top_module
Loading db file '/home/synopsys/syn/O-2018.06-SP1/libraries/syn/gtech.db'
Loading db file '/home/synopsys/syn/O-2018.06-SP1/libraries/syn/standard.sldb'
  Loading link library 'scmetro_tsmc_cl013g_rvt_ss_1p08v_125c'
  Loading link library 'scmetro_tsmc_cl013g_rvt_tt_1p2v_25c'
  Loading link library 'scmetro_tsmc_cl013g_rvt_ff_1p32v_m40c'
  Loading link library 'gtech'
Running PRESTO HDLC
Presto compilation completed successfully.
Elaborated 1 design.
Current design is now 'Final_System'.
Information: Building the design 'RST_SYNC' instantiated from design 'Final_System' with
	the parameters "NUM_STAGES=2". (HDL-193)

Inferred memory devices in process
	in routine RST_SYNC_NUM_STAGES2 line 8 in file
		'/home/ICer/IC/Projects/System/RTL/RST_SYNC.v'.
===============================================================================
|    Register Name    |   Type    | Width | Bus | MB | AR | AS | SR | SS | ST |
===============================================================================
|  synchronizer_reg   | Flip-flop |   2   |  Y  | N  | Y  | N  | N  | N  | N  |
===============================================================================
Presto compilation completed successfully.
Information: Building the design 'UART_RX'. (HDL-193)
Presto compilation completed successfully.
Information: Building the design 'DATA_SYNC' instantiated from design 'Final_System' with
	the parameters "BUS_WIDTH=8,NUM_STAGES=2". (HDL-193)

Inferred memory devices in process
	in routine DATA_SYNC_BUS_WIDTH8_NUM_STAGES2 line 16 in file
		'/home/ICer/IC/Projects/System/RTL/Data_Sync.v'.
===============================================================================
|    Register Name    |   Type    | Width | Bus | MB | AR | AS | SR | SS | ST |
===============================================================================
|      pulse_reg      | Flip-flop |   1   |  N  | N  | Y  | N  | N  | N  | N  |
| MULTI_FLIP_FLOP_reg | Flip-flop |   2   |  Y  | N  | Y  | N  | N  | N  | N  |
===============================================================================

Inferred memory devices in process
	in routine DATA_SYNC_BUS_WIDTH8_NUM_STAGES2 line 27 in file
		'/home/ICer/IC/Projects/System/RTL/Data_Sync.v'.
===============================================================================
|    Register Name    |   Type    | Width | Bus | MB | AR | AS | SR | SS | ST |
===============================================================================
|    sync_bus_reg     | Flip-flop |   8   |  Y  | N  | Y  | N  | N  | N  | N  |
===============================================================================

Inferred memory devices in process
	in routine DATA_SYNC_BUS_WIDTH8_NUM_STAGES2 line 38 in file
		'/home/ICer/IC/Projects/System/RTL/Data_Sync.v'.
===============================================================================
|    Register Name    |   Type    | Width | Bus | MB | AR | AS | SR | SS | ST |
===============================================================================
|  enable_pulse_reg   | Flip-flop |   1   |  N  | N  | Y  | N  | N  | N  | N  |
===============================================================================
Presto compilation completed successfully.
Information: Building the design 'SYS_CTRL' instantiated from design 'Final_System' with
	the parameters "OPER_WIDTH=8,ALU_OUT_WIDTH=16,Address_width=4". (HDL-193)
Warning:  /home/ICer/IC/Projects/System/RTL/SYS_CTRL.sv:102: DEFAULT branch of CASE statement cannot be reached. (ELAB-311)

Statistics for case statements in always block at line 89 in file
	'/home/ICer/IC/Projects/System/RTL/SYS_CTRL.sv'
===============================================
|           Line           |  full/ parallel  |
===============================================
|           102            |    auto/auto     |
===============================================

Inferred memory devices in process
	in routine SYS_CTRL_OPER_WIDTH8_ALU_OUT_WIDTH16_Address_width4 line 49 in file
		'/home/ICer/IC/Projects/System/RTL/SYS_CTRL.sv'.
================================================================================
|    Register Name     |   Type    | Width | Bus | MB | AR | AS | SR | SS | ST |
================================================================================
| internal_address_reg | Flip-flop |   4   |  Y  | N  | Y  | N  | N  | N  | N  |
================================================================================

Inferred memory devices in process
	in routine SYS_CTRL_OPER_WIDTH8_ALU_OUT_WIDTH16_Address_width4 line 59 in file
		'/home/ICer/IC/Projects/System/RTL/SYS_CTRL.sv'.
================================================================================
|    Register Name     |   Type    | Width | Bus | MB | AR | AS | SR | SS | ST |
================================================================================
| internal_ALU_FUN_reg | Flip-flop |   4   |  Y  | N  | Y  | N  | N  | N  | N  |
================================================================================

Inferred memory devices in process
	in routine SYS_CTRL_OPER_WIDTH8_ALU_OUT_WIDTH16_Address_width4 line 69 in file
		'/home/ICer/IC/Projects/System/RTL/SYS_CTRL.sv'.
=================================================================================
|     Register Name     |   Type    | Width | Bus | MB | AR | AS | SR | SS | ST |
=================================================================================
| ALU_OUT_registerd_reg | Flip-flop |   8   |  Y  | N  | Y  | N  | N  | N  | N  |
=================================================================================

Inferred memory devices in process
	in routine SYS_CTRL_OPER_WIDTH8_ALU_OUT_WIDTH16_Address_width4 line 79 in file
		'/home/ICer/IC/Projects/System/RTL/SYS_CTRL.sv'.
===============================================================================
|    Register Name    |   Type    | Width | Bus | MB | AR | AS | SR | SS | ST |
===============================================================================
|  current_state_reg  | Flip-flop |   4   |  Y  | N  | Y  | N  | N  | N  | N  |
===============================================================================
Presto compilation completed successfully.
Information: Building the design 'regfile' instantiated from design 'Final_System' with
	the parameters "Address_width=4,Data_width=8,depth=16". (HDL-193)

Inferred memory devices in process
	in routine regfile_Address_width4_Data_width8_depth16 line 20 in file
		'/home/ICer/IC/Projects/System/RTL/Register_File.v'.
===============================================================================
|    Register Name    |   Type    | Width | Bus | MB | AR | AS | SR | SS | ST |
===============================================================================
|    Reg_file_reg     | Flip-flop |  125  |  Y  | N  | Y  | N  | N  | N  | N  |
|    Reg_file_reg     | Flip-flop |   3   |  Y  | N  | N  | Y  | N  | N  | N  |
|  RdData_Valid_reg   | Flip-flop |   1   |  N  | N  | Y  | N  | N  | N  | N  |
|     RdData_reg      | Flip-flop |   8   |  Y  | N  | Y  | N  | N  | N  | N  |
===============================================================================
Statistics for MUX_OPs
===================================================================================
|               block name/line                 | Inputs | Outputs | # sel inputs |
===================================================================================
| regfile_Address_width4_Data_width8_depth16/40 |   16   |    8    |      4       |
===================================================================================
Presto compilation completed successfully.
Information: Building the design 'ALU' instantiated from design 'Final_System' with
	the parameters "OPER_WIDTH=8,OUT_WIDTH=16". (HDL-193)

Statistics for case statements in always block at line 34 in file
	'/home/ICer/IC/Projects/System/RTL/ALU.v'
===============================================
|           Line           |  full/ parallel  |
===============================================
|            41            |    auto/auto     |
===============================================

Inferred memory devices in process
	in routine ALU_OPER_WIDTH8_OUT_WIDTH16 line 20 in file
		'/home/ICer/IC/Projects/System/RTL/ALU.v'.
===============================================================================
|    Register Name    |   Type    | Width | Bus | MB | AR | AS | SR | SS | ST |
===============================================================================
|    OUT_VALID_reg    | Flip-flop |   1   |  N  | N  | Y  | N  | N  | N  | N  |
|     ALU_OUT_reg     | Flip-flop |  16   |  Y  | N  | Y  | N  | N  | N  | N  |
===============================================================================
Presto compilation completed successfully.
Information: Building the design 'CLK_GATE'. (HDL-193)
Presto compilation completed successfully.
Information: Building the design 'ASYNC_FIFO' instantiated from design 'Final_System' with
	the parameters "data_width=8,depth=8,addr_width=4,NUM_STAGES=2". (HDL-193)
Presto compilation completed successfully.
Information: Building the design 'UART_TX'. (HDL-193)
Presto compilation completed successfully.
Information: Building the design 'NOT'. (HDL-193)
Presto compilation completed successfully.
Information: Building the design 'PULSE_GEN'. (HDL-193)

Inferred memory devices in process
	in routine PULSE_GEN line 9 in file
		'/home/ICer/IC/Projects/System/RTL/PULSE_GEN.v'.
================================================================================
|    Register Name     |   Type    | Width | Bus | MB | AR | AS | SR | SS | ST |
================================================================================
|    PULSE_SIG_reg     | Flip-flop |   1   |  N  | N  | Y  | N  | N  | N  | N  |
| DATA_VALID_DELAY_reg | Flip-flop |   1   |  N  | N  | Y  | N  | N  | N  | N  |
================================================================================
Presto compilation completed successfully.
Information: Building the design 'ClkDiv'. (HDL-193)

Inferred memory devices in process
	in routine ClkDiv line 25 in file
		'/home/ICer/IC/Projects/System/RTL/ClkDiv.v'.
===============================================================================
|    Register Name    |   Type    | Width | Bus | MB | AR | AS | SR | SS | ST |
===============================================================================
| count_positive_reg  | Flip-flop |   8   |  Y  | N  | Y  | N  | N  | N  | N  |
|     clk_div_reg     | Flip-flop |   1   |  N  | N  | Y  | N  | N  | N  | N  |
===============================================================================

Inferred memory devices in process
	in routine ClkDiv line 64 in file
		'/home/ICer/IC/Projects/System/RTL/ClkDiv.v'.
===============================================================================
|    Register Name    |   Type    | Width | Bus | MB | AR | AS | SR | SS | ST |
===============================================================================
| count_negative_reg  | Flip-flop |   8   |  Y  | N  | Y  | N  | N  | N  | N  |
|   clk_odd_div_reg   | Flip-flop |   1   |  N  | N  | Y  | N  | N  | N  | N  |
===============================================================================
Presto compilation completed successfully.
Information: Building the design 'Clk_Div_Mux'. (HDL-193)

Statistics for case statements in always block at line 5 in file
	'/home/ICer/IC/Projects/System/RTL/Clk_Div_Mux.v'
===============================================
|           Line           |  full/ parallel  |
===============================================
|            6             |    auto/auto     |
===============================================
Presto compilation completed successfully.
Information: Building the design 'FSM_RX'. (HDL-193)

Statistics for case statements in always block at line 57 in file
	'/home/ICer/IC/Projects/System/RTL/FSM_RX.sv'
===============================================
|           Line           |  full/ parallel  |
===============================================
|            65            |    auto/auto     |
===============================================

Inferred memory devices in process
	in routine FSM_RX line 35 in file
		'/home/ICer/IC/Projects/System/RTL/FSM_RX.sv'.
===============================================================================
|    Register Name    |   Type    | Width | Bus | MB | AR | AS | SR | SS | ST |
===============================================================================
|  current_state_reg  | Flip-flop |   4   |  Y  | N  | Y  | N  | N  | N  | N  |
===============================================================================

Inferred memory devices in process
	in routine FSM_RX line 47 in file
		'/home/ICer/IC/Projects/System/RTL/FSM_RX.sv'.
===============================================================================
|    Register Name    |   Type    | Width | Bus | MB | AR | AS | SR | SS | ST |
===============================================================================
|   data_valid_reg    | Flip-flop |   1   |  N  | N  | Y  | N  | N  | N  | N  |
===============================================================================
Presto compilation completed successfully.
Information: Building the design 'data_sampling'. (HDL-193)

Inferred memory devices in process
	in routine data_sampling line 15 in file
		'/home/ICer/IC/Projects/System/RTL/data_sampling.v'.
===============================================================================
|    Register Name    |   Type    | Width | Bus | MB | AR | AS | SR | SS | ST |
===============================================================================
|      bit_3_reg      | Flip-flop |   1   |  N  | N  | Y  | N  | N  | N  | N  |
|      bit_1_reg      | Flip-flop |   1   |  N  | N  | Y  | N  | N  | N  | N  |
|      bit_2_reg      | Flip-flop |   1   |  N  | N  | Y  | N  | N  | N  | N  |
===============================================================================
Presto compilation completed successfully.
Information: Building the design 'deserializer'. (HDL-193)

Statistics for case statements in always block at line 9 in file
	'/home/ICer/IC/Projects/System/RTL/deserializer.v'
===============================================
|           Line           |  full/ parallel  |
===============================================
|            14            |     no/auto      |
===============================================

Inferred memory devices in process
	in routine deserializer line 9 in file
		'/home/ICer/IC/Projects/System/RTL/deserializer.v'.
===============================================================================
|    Register Name    |   Type    | Width | Bus | MB | AR | AS | SR | SS | ST |
===============================================================================
|     P_DATA_reg      | Flip-flop |   8   |  Y  | N  | Y  | N  | N  | N  | N  |
===============================================================================
Presto compilation completed successfully.
Information: Building the design 'edge_bit_counter'. (HDL-193)

Inferred memory devices in process
	in routine edge_bit_counter line 10 in file
		'/home/ICer/IC/Projects/System/RTL/edge_bit_counter.v'.
===============================================================================
|    Register Name    |   Type    | Width | Bus | MB | AR | AS | SR | SS | ST |
===============================================================================
|    edge_cnt_reg     | Flip-flop |   6   |  Y  | N  | Y  | N  | N  | N  | N  |
===============================================================================

Inferred memory devices in process
	in routine edge_bit_counter line 28 in file
		'/home/ICer/IC/Projects/System/RTL/edge_bit_counter.v'.
===============================================================================
|    Register Name    |   Type    | Width | Bus | MB | AR | AS | SR | SS | ST |
===============================================================================
|     bit_cnt_reg     | Flip-flop |   4   |  Y  | N  | Y  | N  | N  | N  | N  |
===============================================================================
Presto compilation completed successfully.
Information: Building the design 'parity_check'. (HDL-193)

Inferred memory devices in process
	in routine parity_check line 10 in file
		'/home/ICer/IC/Projects/System/RTL/parity_check.v'.
===============================================================================
|    Register Name    |   Type    | Width | Bus | MB | AR | AS | SR | SS | ST |
===============================================================================
|     par_err_reg     | Flip-flop |   1   |  N  | N  | Y  | N  | N  | N  | N  |
===============================================================================
Presto compilation completed successfully.
Information: Building the design 'stop_check'. (HDL-193)

Inferred memory devices in process
	in routine stop_check line 8 in file
		'/home/ICer/IC/Projects/System/RTL/stop_check.v'.
===============================================================================
|    Register Name    |   Type    | Width | Bus | MB | AR | AS | SR | SS | ST |
===============================================================================
|     stp_err_reg     | Flip-flop |   1   |  N  | N  | Y  | N  | N  | N  | N  |
===============================================================================
Presto compilation completed successfully.
Information: Building the design 'strt_check'. (HDL-193)

Inferred memory devices in process
	in routine strt_check line 8 in file
		'/home/ICer/IC/Projects/System/RTL/strt_check.v'.
===============================================================================
|    Register Name    |   Type    | Width | Bus | MB | AR | AS | SR | SS | ST |
===============================================================================
|   strt_glitch_reg   | Flip-flop |   1   |  N  | N  | Y  | N  | N  | N  | N  |
===============================================================================
Presto compilation completed successfully.
Information: Building the design 'FIFO_MEM_CNTRL' instantiated from design 'ASYNC_FIFO_data_width8_depth8_addr_width4_NUM_STAGES2' with
	the parameters "data_width=8,depth=8,addr_width=4". (HDL-193)

Inferred memory devices in process
	in routine FIFO_MEM_CNTRL_data_width8_depth8_addr_width4 line 20 in file
		'/home/ICer/IC/Projects/System/RTL/FIFO_MEM_CNTRL.v'.
===============================================================================
|    Register Name    |   Type    | Width | Bus | MB | AR | AS | SR | SS | ST |
===============================================================================
|       mem_reg       | Flip-flop |  64   |  Y  | N  | Y  | N  | N  | N  | N  |
===============================================================================
Statistics for MUX_OPs
======================================================================================
|                 block name/line                  | Inputs | Outputs | # sel inputs |
======================================================================================
| FIFO_MEM_CNTRL_data_width8_depth8_addr_width4/32 |   8    |    8    |      3       |
======================================================================================
Presto compilation completed successfully.
Information: Building the design 'FIFO_wptr' instantiated from design 'ASYNC_FIFO_data_width8_depth8_addr_width4_NUM_STAGES2' with
	the parameters "addr_width=4". (HDL-193)

Inferred memory devices in process
	in routine FIFO_wptr_addr_width4 line 15 in file
		'/home/ICer/IC/Projects/System/RTL/FIFO_wptr.v'.
===============================================================================
|    Register Name    |   Type    | Width | Bus | MB | AR | AS | SR | SS | ST |
===============================================================================
|    extra_bit_reg    | Flip-flop |   1   |  N  | N  | Y  | N  | N  | N  | N  |
|     W_addr_reg      | Flip-flop |   4   |  Y  | N  | Y  | N  | N  | N  | N  |
===============================================================================

Inferred memory devices in process
	in routine FIFO_wptr_addr_width4 line 34 in file
		'/home/ICer/IC/Projects/System/RTL/FIFO_wptr.v'.
===============================================================================
|    Register Name    |   Type    | Width | Bus | MB | AR | AS | SR | SS | ST |
===============================================================================
|      W_ptr_reg      | Flip-flop |   5   |  Y  | N  | Y  | N  | N  | N  | N  |
===============================================================================
Presto compilation completed successfully.
Information: Building the design 'FIFO_rptr' instantiated from design 'ASYNC_FIFO_data_width8_depth8_addr_width4_NUM_STAGES2' with
	the parameters "addr_width=4". (HDL-193)

Inferred memory devices in process
	in routine FIFO_rptr_addr_width4 line 15 in file
		'/home/ICer/IC/Projects/System/RTL/FIFO_rptr.v'.
===============================================================================
|    Register Name    |   Type    | Width | Bus | MB | AR | AS | SR | SS | ST |
===============================================================================
|    extra_bit_reg    | Flip-flop |   1   |  N  | N  | Y  | N  | N  | N  | N  |
|     R_addr_reg      | Flip-flop |   4   |  Y  | N  | Y  | N  | N  | N  | N  |
===============================================================================

Inferred memory devices in process
	in routine FIFO_rptr_addr_width4 line 34 in file
		'/home/ICer/IC/Projects/System/RTL/FIFO_rptr.v'.
===============================================================================
|    Register Name    |   Type    | Width | Bus | MB | AR | AS | SR | SS | ST |
===============================================================================
|      R_ptr_reg      | Flip-flop |   5   |  Y  | N  | Y  | N  | N  | N  | N  |
===============================================================================
Presto compilation completed successfully.
Information: Building the design 'DF_SYNC' instantiated from design 'ASYNC_FIFO_data_width8_depth8_addr_width4_NUM_STAGES2' with
	the parameters "data_width=5,NUM_STAGES=2". (HDL-193)

Inferred memory devices in process
	in routine DF_SYNC_data_width5_NUM_STAGES2 line 10 in file
		'/home/ICer/IC/Projects/System/RTL/DF_SYNC.v'.
===============================================================================
|    Register Name    |   Type    | Width | Bus | MB | AR | AS | SR | SS | ST |
===============================================================================
| MULTI_FLIP_FLOP_reg | Flip-flop |  10   |  Y  | N  | Y  | N  | N  | N  | N  |
===============================================================================
Presto compilation completed successfully.
Information: Building the design 'FSM_TX'. (HDL-193)

Statistics for case statements in always block at line 33 in file
	'/home/ICer/IC/Projects/System/RTL/FSM_TX.sv'
===============================================
|           Line           |  full/ parallel  |
===============================================
|            34            |    auto/auto     |
===============================================

Inferred memory devices in process
	in routine FSM_TX line 23 in file
		'/home/ICer/IC/Projects/System/RTL/FSM_TX.sv'.
===============================================================================
|    Register Name    |   Type    | Width | Bus | MB | AR | AS | SR | SS | ST |
===============================================================================
|  current_state_reg  | Flip-flop |   3   |  Y  | N  | Y  | N  | N  | N  | N  |
===============================================================================
Presto compilation completed successfully.
Information: Building the design 'serializer'. (HDL-193)
Warning:  /home/ICer/IC/Projects/System/RTL/serializer.v:41: signed to unsigned assignment occurs. (VER-318)

Inferred memory devices in process
	in routine serializer line 13 in file
		'/home/ICer/IC/Projects/System/RTL/serializer.v'.
===============================================================================
|    Register Name    |   Type    | Width | Bus | MB | AR | AS | SR | SS | ST |
===============================================================================
|    ser_data_reg     | Flip-flop |   1   |  N  | N  | Y  | N  | N  | N  | N  |
| shift_register_reg  | Flip-flop |   8   |  Y  | N  | Y  | N  | N  | N  | N  |
|      count_reg      | Flip-flop |   3   |  Y  | N  | Y  | N  | N  | N  | N  |
===============================================================================

Inferred memory devices in process
	in routine serializer line 35 in file
		'/home/ICer/IC/Projects/System/RTL/serializer.v'.
===============================================================================
|    Register Name    |   Type    | Width | Bus | MB | AR | AS | SR | SS | ST |
===============================================================================
|    ser_done_reg     | Flip-flop |   1   |  N  | N  | Y  | N  | N  | N  | N  |
===============================================================================
Presto compilation completed successfully.
Information: Building the design 'Parity_calc'. (HDL-193)

Inferred memory devices in process
	in routine Parity_calc line 10 in file
		'/home/ICer/IC/Projects/System/RTL/Parity_calc.v'.
===============================================================================
|    Register Name    |   Type    | Width | Bus | MB | AR | AS | SR | SS | ST |
===============================================================================
|     Par_bit_reg     | Flip-flop |   1   |  N  | N  | Y  | N  | N  | N  | N  |
===============================================================================
Presto compilation completed successfully.
Information: Building the design 'MUX'. (HDL-193)
Warning:  /home/ICer/IC/Projects/System/RTL/MUX.v:12: DEFAULT branch of CASE statement cannot be reached. (ELAB-311)

Statistics for case statements in always block at line 11 in file
	'/home/ICer/IC/Projects/System/RTL/MUX.v'
===============================================
|           Line           |  full/ parallel  |
===============================================
|            12            |    auto/auto     |
===============================================
Presto compilation completed successfully.
1
###################### Defining toplevel ###################################
current_design $top_module
Current design is 'Final_System'.
{Final_System}
#################### Liniking All The Design Parts #########################
puts "###############################################"
###############################################
puts "######## Liniking All The Design Parts ########"
######## Liniking All The Design Parts ########
puts "###############################################"
###############################################
link 

  Linking design 'Final_System'
  Using the following designs and libraries:
  --------------------------------------------------------------------------
  * (29 designs)              /home/ICer/IC/Projects/System/Synthesis/Final_System.db, etc
  scmetro_tsmc_cl013g_rvt_ss_1p08v_125c (library) /home/ICer/IC/Projects/System/Stdcell/scmetro_tsmc_cl013g_rvt_ss_1p08v_125c.db
  scmetro_tsmc_cl013g_rvt_tt_1p2v_25c (library) /home/ICer/IC/Projects/System/Stdcell/scmetro_tsmc_cl013g_rvt_tt_1p2v_25c.db
  scmetro_tsmc_cl013g_rvt_ff_1p32v_m40c (library) /home/ICer/IC/Projects/System/Stdcell/scmetro_tsmc_cl013g_rvt_ff_1p32v_m40c.db

1
#################### Liniking All The Design Parts #########################
puts "###############################################"
###############################################
puts "######## checking design consistency ##########"
######## checking design consistency ##########
puts "###############################################"
###############################################
check_design
 
****************************************
check_design summary:
Version:     O-2018.06-SP1
Date:        Tue Sep 29 09:20:03 2026
****************************************

                   Name                                            Total
--------------------------------------------------------------------------------
Inputs/Outputs                                                     10
    Unconnected ports (LINT-28)                                     2
    Shorted outputs (LINT-31)                                       3
    Constant outputs (LINT-52)                                      5

Cells                                                              27
    Cells do not drive (LINT-1)                                    27
--------------------------------------------------------------------------------

Warning: In design 'ALU_OPER_WIDTH8_OUT_WIDTH16', cell 'C318' does not drive any nets. (LINT-1)
Warning: In design 'ALU_OPER_WIDTH8_OUT_WIDTH16', cell 'C319' does not drive any nets. (LINT-1)
Warning: In design 'ALU_OPER_WIDTH8_OUT_WIDTH16', cell 'C320' does not drive any nets. (LINT-1)
Warning: In design 'ALU_OPER_WIDTH8_OUT_WIDTH16', cell 'C321' does not drive any nets. (LINT-1)
Warning: In design 'ALU_OPER_WIDTH8_OUT_WIDTH16', cell 'C394' does not drive any nets. (LINT-1)
Warning: In design 'ALU_OPER_WIDTH8_OUT_WIDTH16', cell 'C396' does not drive any nets. (LINT-1)
Warning: In design 'ALU_OPER_WIDTH8_OUT_WIDTH16', cell 'C398' does not drive any nets. (LINT-1)
Warning: In design 'ClkDiv', cell 'C264' does not drive any nets. (LINT-1)
Warning: In design 'ClkDiv', cell 'C267' does not drive any nets. (LINT-1)
Warning: In design 'ClkDiv', cell 'C271' does not drive any nets. (LINT-1)
Warning: In design 'ClkDiv', cell 'C287' does not drive any nets. (LINT-1)
Warning: In design 'ClkDiv', cell 'C291' does not drive any nets. (LINT-1)
Warning: In design 'ClkDiv', cell 'C294' does not drive any nets. (LINT-1)
Warning: In design 'ClkDiv', cell 'C305' does not drive any nets. (LINT-1)
Warning: In design 'FSM_RX', cell 'B_13' does not drive any nets. (LINT-1)
Warning: In design 'FSM_RX', cell 'B_14' does not drive any nets. (LINT-1)
Warning: In design 'FSM_RX', cell 'B_15' does not drive any nets. (LINT-1)
Warning: In design 'FSM_RX', cell 'B_16' does not drive any nets. (LINT-1)
Warning: In design 'FSM_RX', cell 'B_17' does not drive any nets. (LINT-1)
Warning: In design 'FSM_RX', cell 'B_18' does not drive any nets. (LINT-1)
Warning: In design 'FSM_RX', cell 'B_19' does not drive any nets. (LINT-1)
Warning: In design 'data_sampling', cell 'C67' does not drive any nets. (LINT-1)
Warning: In design 'edge_bit_counter', cell 'C102' does not drive any nets. (LINT-1)
Warning: In design 'edge_bit_counter', cell 'C103' does not drive any nets. (LINT-1)
Warning: In design 'FIFO_wptr_addr_width4', cell 'C94' does not drive any nets. (LINT-1)
Warning: In design 'FIFO_rptr_addr_width4', cell 'C92' does not drive any nets. (LINT-1)
Warning: In design 'serializer', cell 'C105' does not drive any nets. (LINT-1)
Warning: In design 'data_sampling', port 'prescale[0]' is not connected to any nets. (LINT-28)
Warning: In design 'FIFO_MEM_CNTRL_data_width8_depth8_addr_width4', port 'R_addr[3]' is not connected to any nets. (LINT-28)
Warning: In design 'Clk_Div_Mux', output port 'Div_Ratio[7]' is connected directly to output port 'Div_Ratio[4]'. (LINT-31)
Warning: In design 'Clk_Div_Mux', output port 'Div_Ratio[7]' is connected directly to output port 'Div_Ratio[5]'. (LINT-31)
Warning: In design 'Clk_Div_Mux', output port 'Div_Ratio[7]' is connected directly to output port 'Div_Ratio[6]'. (LINT-31)
Warning: In design 'SYS_CTRL_OPER_WIDTH8_ALU_OUT_WIDTH16_Address_width4', output port 'clk_div_en' is connected directly to 'logic 1'. (LINT-52)
Warning: In design 'Clk_Div_Mux', output port 'Div_Ratio[7]' is connected directly to 'logic 0'. (LINT-52)
Warning: In design 'Clk_Div_Mux', output port 'Div_Ratio[6]' is connected directly to 'logic 0'. (LINT-52)
Warning: In design 'Clk_Div_Mux', output port 'Div_Ratio[5]' is connected directly to 'logic 0'. (LINT-52)
Warning: In design 'Clk_Div_Mux', output port 'Div_Ratio[4]' is connected directly to 'logic 0'. (LINT-52)
1
#################### Define Design Constraints #########################
puts "###############################################"
###############################################
puts "############ Design Constraints #### ##########"
############ Design Constraints #### ##########
puts "###############################################"
###############################################
source ./cons.tcl
Warning: Design rule attributes from the driving cell will be
	set on the port. (UID-401)
Using operating conditions 'scmetro_tsmc_cl013g_rvt_ss_1p08v_125c' found in library 'scmetro_tsmc_cl013g_rvt_ss_1p08v_125c'.
Using operating conditions 'scmetro_tsmc_cl013g_rvt_ff_1p32v_m40c' found in library 'scmetro_tsmc_cl013g_rvt_ff_1p32v_m40c'.
###################### Mapping and optimization ########################
puts "###############################################"
###############################################
puts "########## Mapping & Optimization #############"
########## Mapping & Optimization #############
puts "###############################################"
###############################################
compile
Information: Evaluating DesignWare library utilization. (UISN-27)

============================================================================
| DesignWare Building Block Library  |         Version         | Available |
============================================================================
| Basic DW Building Blocks           | O-2018.06-DWBB_201806.1 |     *     |
| Licensed DW Building Blocks        |                         |           |
============================================================================


Information: There are 37 potential problems in your design. Please run 'check_design' for more information. (LINT-99)


Warning: Operating condition scmetro_tsmc_cl013g_rvt_ss_1p08v_125c set on design Final_System has different process,
voltage and temperatures parameters than the parameters at which target library 
scmetro_tsmc_cl013g_rvt_tt_1p2v_25c is characterized. Delays may be inaccurate as a result. (OPT-998)

  Beginning Pass 1 Mapping
  ------------------------
  Processing 'Clk_Div_Mux'
  Processing 'ClkDiv_0'
  Processing 'PULSE_GEN'
  Processing 'NOT'
  Processing 'MUX'
  Processing 'Parity_calc'
  Processing 'serializer'
  Processing 'FSM_TX'
  Processing 'UART_TX'
  Processing 'DF_SYNC_data_width5_NUM_STAGES2_0'
  Processing 'FIFO_rptr_addr_width4'
  Processing 'FIFO_wptr_addr_width4'
  Processing 'FIFO_MEM_CNTRL_data_width8_depth8_addr_width4'
  Processing 'ASYNC_FIFO_data_width8_depth8_addr_width4_NUM_STAGES2'
  Processing 'ALU_OPER_WIDTH8_OUT_WIDTH16'
  Processing 'regfile_Address_width4_Data_width8_depth16'
  Processing 'SYS_CTRL_OPER_WIDTH8_ALU_OUT_WIDTH16_Address_width4'
  Processing 'DATA_SYNC_BUS_WIDTH8_NUM_STAGES2'
  Processing 'strt_check'
  Processing 'stop_check'
  Processing 'parity_check'
  Processing 'edge_bit_counter'
  Processing 'deserializer'
  Processing 'data_sampling'
  Processing 'FSM_RX'
  Processing 'UART_RX'
  Processing 'RST_SYNC_NUM_STAGES2_0'
  Processing 'Final_System'

  Updating timing information
Information: Updating design information... (UID-85)

  Beginning Implementation Selection
  ----------------------------------
  Processing 'ClkDiv_1_DW01_inc_0'
  Processing 'ClkDiv_1_DW01_cmp6_0'
  Processing 'ClkDiv_1_DW01_cmp6_1'
  Processing 'ClkDiv_1_DW01_inc_1'
  Processing 'ClkDiv_1_DW01_cmp6_2'
  Processing 'ClkDiv_1_DW01_dec_0'
  Processing 'ClkDiv_1_DW01_cmp6_3'
  Processing 'ClkDiv_0_DW01_inc_0'
  Processing 'ClkDiv_0_DW01_cmp6_0'
  Processing 'ClkDiv_0_DW01_cmp6_1'
  Processing 'ClkDiv_0_DW01_inc_1'
  Processing 'ClkDiv_0_DW01_cmp6_2'
  Processing 'ClkDiv_0_DW01_dec_0'
  Processing 'ClkDiv_0_DW01_cmp6_3'
  Processing 'FIFO_rptr_addr_width4_DW01_add_0'
  Processing 'FIFO_rptr_addr_width4_DW01_cmp6_0'
  Processing 'FIFO_wptr_addr_width4_DW01_add_0'
  Processing 'FIFO_wptr_addr_width4_DW01_cmp6_0'
  Processing 'ALU_OPER_WIDTH8_OUT_WIDTH16_DW_div_uns_0'
  Processing 'ALU_OPER_WIDTH8_OUT_WIDTH16_DW01_sub_0'
  Processing 'ALU_OPER_WIDTH8_OUT_WIDTH16_DW01_add_0'
  Processing 'ALU_OPER_WIDTH8_OUT_WIDTH16_DW01_cmp6_0'
  Processing 'edge_bit_counter_DW01_cmp6_0'
  Processing 'data_sampling_DW01_cmp6_0'
  Processing 'data_sampling_DW01_inc_0'
  Processing 'data_sampling_DW01_cmp6_1'
  Processing 'data_sampling_DW01_cmp6_2'
  Processing 'data_sampling_DW01_dec_0'
  Processing 'FSM_RX_DW01_cmp6_0'
  Processing 'FSM_RX_DW01_add_0'
  Processing 'FSM_RX_DW01_cmp6_1'
  Processing 'FSM_RX_DW01_cmp6_2'
  Processing 'FSM_RX_DW01_add_1'
  Processing 'ALU_OPER_WIDTH8_OUT_WIDTH16_DW02_mult_0'
  Processing 'ALU_OPER_WIDTH8_OUT_WIDTH16_DW01_add_1'
  Processing 'ClkDiv_1_DW01_inc_2'
  Processing 'ClkDiv_1_DW02_mult_0'
  Processing 'edge_bit_counter_DW01_inc_0'
  Processing 'edge_bit_counter_DW02_mult_0'
  Processing 'ClkDiv_0_DW01_inc_2'
  Processing 'ClkDiv_0_DW02_mult_0'

  Beginning Mapping Optimizations  (Medium effort)
  -------------------------------
Loading db file '/home/ICer/IC/Projects/System/Stdcell/scmetro_tsmc_cl013g_rvt_tt_1p2v_25c.db'
Loading db file '/home/ICer/IC/Projects/System/Stdcell/scmetro_tsmc_cl013g_rvt_ff_1p32v_m40c.db'
  Mapping Optimization (Phase 1)

                                  TOTAL                                      
   ELAPSED            WORST NEG   SETUP    DESIGN                            
    TIME      AREA      SLACK     COST    RULE COST         ENDPOINT         
  --------- --------- --------- --------- --------- -------------------------
    0:00:07   43308.4      0.00       0.0      13.6                          
    0:00:07   43308.4      0.00       0.0      13.6                          
    0:00:07   43308.4      0.00       0.0      13.6                          
    0:00:07   43308.4      0.00       0.0      13.6                          
    0:00:07   43308.4      0.00       0.0      13.6                          
    0:00:07   25261.4      3.34       3.6       9.0                          
    0:00:08   25292.0      1.80       1.8       9.0                          
    0:00:08   25275.5      1.02       1.0       4.8                          
    0:00:08   25330.8      0.00       0.0       4.8                          
    0:00:08   25222.6      0.98       1.0       4.8                          
    0:00:08   25324.9      0.64       0.6       4.8                          
    0:00:08   25355.5      0.19       0.2       4.8                          
    0:00:08   25321.4      0.40       0.4       4.8                          
    0:00:08   25346.1      0.04       0.0       4.8                          
    0:00:08   25319.1      0.15       0.1       4.8                          
    0:00:08   25320.2      0.00       0.0       4.8                          
    0:00:08   25320.2      0.00       0.0       4.8                          
    0:00:08   25306.1      0.00       0.0       4.8                          
    0:00:08   25306.1      0.00       0.0       4.8                          
    0:00:08   25337.9      0.00       0.0       0.6                          
    0:00:08   25347.3      0.00       0.0       0.0                          
    0:00:08   25347.3      0.00       0.0       0.0                          
    0:00:08   25347.3      0.00       0.0       0.0                          
    0:00:08   25347.3      0.00       0.0       0.0                          



  Beginning Delay Optimization Phase
  ----------------------------------

                                  TOTAL                                      
   ELAPSED            WORST NEG   SETUP    DESIGN                            
    TIME      AREA      SLACK     COST    RULE COST         ENDPOINT         
  --------- --------- --------- --------- --------- -------------------------
    0:00:08   25347.3      0.00       0.0       0.0                          
    0:00:08   25347.3      0.00       0.0       0.0                          
    0:00:09   25310.8      0.00       0.0       0.1                          


  Beginning Design Rule Fixing  (max_transition)  (max_capacitance)
  ----------------------------

                                  TOTAL                                      
   ELAPSED            WORST NEG   SETUP    DESIGN                            
    TIME      AREA      SLACK     COST    RULE COST         ENDPOINT         
  --------- --------- --------- --------- --------- -------------------------
    0:00:09   25310.8      0.00       0.0       0.1                          
    0:00:09   25312.0      0.00       0.0       0.0                          


  Beginning Area-Recovery Phase  (cleanup)
  -----------------------------

                                  TOTAL                                      
   ELAPSED            WORST NEG   SETUP    DESIGN                            
    TIME      AREA      SLACK     COST    RULE COST         ENDPOINT         
  --------- --------- --------- --------- --------- -------------------------
    0:00:09   25312.0      0.00       0.0       0.0                          
    0:00:09   25312.0      0.00       0.0       0.0                          
    0:00:09   25020.2      0.00       0.0       0.0                          
    0:00:09   24981.3      0.00       0.0       0.0                          
    0:00:09   24971.9      0.00       0.0       0.0                          
    0:00:09   24962.5      0.00       0.0       0.0                          
    0:00:09   24951.9      0.00       0.0       0.0                          
    0:00:09   24951.9      0.00       0.0       0.0                          
    0:00:09   24951.9      0.00       0.0       0.0                          
    0:00:09   24899.0      0.10       0.1       0.0                          
    0:00:09   24899.0      0.10       0.1       0.0                          
    0:00:09   24899.0      0.10       0.1       0.0                          
    0:00:09   24899.0      0.10       0.1       0.0                          
    0:00:09   24899.0      0.10       0.1       0.0                          
    0:00:09   24899.0      0.10       0.1       0.0                          
    0:00:09   24916.6      0.00       0.0       0.0                          
Loading db file '/home/ICer/IC/Projects/System/Stdcell/scmetro_tsmc_cl013g_rvt_ss_1p08v_125c.db'


Note: Symbol # after min delay cost means estimated hold TNS across all active scenarios 


  Optimization Complete
  ---------------------
1
##################### Close Formality Setup file ###########################
set_svf -off
1
#############################################################################
# Write out files
#############################################################################
write_file -format ddc -hierarchy -output netlists/$top_module.ddc
Writing ddc file 'netlists/Final_System.ddc'.
1
write_file -format verilog -hierarchy -output netlists/$top_module.v
Writing verilog file '/home/ICer/IC/Projects/System/Synthesis/netlists/Final_System.v'.
Warning: Verilog 'assign' or 'tran' statements are written out. (VO-4)
Warning: Verilog writer has added 4 nets to module Final_System using SYNOPSYS_UNCONNECTED_ as prefix.  Please use the change_names command to make the correct changes before invoking the verilog writer.  (VO-11)
1
write_sdf  sdf/$top_module.sdf
Information: Annotated 'cell' delays are assumed to include load delay. (UID-282)
Information: Writing timing information to file '/home/ICer/IC/Projects/System/Synthesis/sdf/Final_System.sdf'. (WT-3)
Information: Updating design information... (UID-85)
1
write_sdc  -nosplit sdc/$top_module.sdc
1
####################### reporting ##########################################
report_area -hierarchy > reports/area.rpt
report_power -hierarchy > reports/power.rpt
report_timing -delay_type min > reports/hold.rpt
report_timing -delay_type max > reports/setup.rpt
report_clock -attributes > reports/clocks.rpt
report_constraint -all_violators -nosplit > reports/constraints.rpt
################# starting graphical user interface #######################
gui_start
Current design is 'Final_System'.
4.1
#exit
dc_shell> dc_shell> 