 
****************************************
Report : area
Design : Final_System_dft
Version: O-2018.06-SP1
Date   : Sun Sep 27 03:00:02 2026
****************************************

Library(s) Used:

    scmetro_tsmc_cl013g_rvt_ss_1p08v_125c (File: /home/ICer/IC/Projects/System/Stdcell/scmetro_tsmc_cl013g_rvt_ss_1p08v_125c.db)
    gtech (File: /home/synopsys/syn/O-2018.06-SP1/libraries/syn/gtech.db)

Number of ports:                          935
Number of nets:                          3321
Number of cells:                         2327
Number of combinational cells:           1863
Number of sequential cells:               414
Number of macros/black boxes:               0
Number of buf/inv:                        416
Number of references:                      27

Combinational area:              15839.558941
Buf/Inv area:                     2145.124126
Noncombinational area:           12804.849777
Macro/Black Box area:                0.000000
Net Interconnect area:          311968.243011

Total cell area:                 28644.408719
Total area:                     340612.651730

Information: This design contains unmapped logic. (RPT-7)

Hierarchical area distribution
------------------------------

                                  Global cell area            Local cell area
                                  -------------------  ------------------------------ 
Hierarchical cell                 Absolute    Percent  Combi-      Noncombi-   Black-
                                  Total       Total    national    national    boxes   Design
--------------------------------  ----------  -------  ----------  ----------  ------  ------------------------------------------------------------
Final_System_dft                  28644.4087    100.0    163.5613      0.0000  0.0000  Final_System_dft
ALU                                5881.1467     20.5   1110.8048    560.1092  0.0000  ALU_OPER_WIDTH8_OUT_WIDTH16_test_1
ALU/add_43                          231.8099      0.8    231.8099      0.0000  0.0000  ALU_OPER_WIDTH8_OUT_WIDTH16_DW01_add_0
ALU/div_52                         1586.1916      5.5   1586.1916      0.0000  0.0000  ALU_OPER_WIDTH8_OUT_WIDTH16_DW_div_uns_0
ALU/mult_49                        2126.2969      7.4   1889.7802      0.0000  0.0000  ALU_OPER_WIDTH8_OUT_WIDTH16_DW02_mult_0
ALU/mult_49/FS_1                    236.5167      0.8    236.5167      0.0000  0.0000  ALU_OPER_WIDTH8_OUT_WIDTH16_DW01_add_1
ALU/sub_46                          265.9342      0.9    265.9342      0.0000  0.0000  ALU_OPER_WIDTH8_OUT_WIDTH16_DW01_sub_0
ASYNC_FIFO                         5388.1095     18.8     14.1204      0.0000  0.0000  ASYNC_FIFO_data_width8_depth8_addr_width4_NUM_STAGES2_test_1
ASYNC_FIFO/DF_SYNC_R                355.3634      1.2     25.8874    329.4760  0.0000  DF_SYNC_data_width5_NUM_STAGES2_test_0
ASYNC_FIFO/DF_SYNC_W                354.1867      1.2     24.7107    329.4760  0.0000  DF_SYNC_data_width5_NUM_STAGES2_test_1
ASYNC_FIFO/FIFO_MEM_CNTRL          3338.2980     11.7   1224.9447   2113.3533  0.0000  FIFO_MEM_CNTRL_data_width8_depth8_addr_width4_test_1
ASYNC_FIFO/FIFO_rptr                661.3054      2.3    331.8294    329.4760  0.0000  FIFO_rptr_addr_width4_test_1
ASYNC_FIFO/FIFO_wptr                664.8355      2.3    333.0061    331.8294  0.0000  FIFO_wptr_addr_width4_test_1
CLK_GATE                             40.0078      0.1      0.0000     40.0078  0.0000  CLK_GATE_dft
ClkDiv_RX                          1980.3861      6.9    917.8260    741.3210  0.0000  ClkDiv_dft_test_0
ClkDiv_RX/add_39_aco                107.0797      0.4    107.0797      0.0000  0.0000  ClkDiv_dft_0_DW01_inc_2
ClkDiv_RX/r95                       107.0797      0.4    107.0797      0.0000  0.0000  ClkDiv_dft_0_DW01_inc_1
ClkDiv_RX/r98                       107.0797      0.4    107.0797      0.0000  0.0000  ClkDiv_dft_0_DW01_inc_0
ClkDiv_TX                          1970.9725      6.9    908.4124    741.3210  0.0000  ClkDiv_dft_test_1
ClkDiv_TX/add_39_aco                107.0797      0.4    107.0797      0.0000  0.0000  ClkDiv_dft_1_DW01_inc_2
ClkDiv_TX/r95                       107.0797      0.4    107.0797      0.0000  0.0000  ClkDiv_dft_1_DW01_inc_1
ClkDiv_TX/r98                       107.0797      0.4    107.0797      0.0000  0.0000  ClkDiv_dft_1_DW01_inc_0
Clk_Div_Mux                         108.2564      0.4    108.2564      0.0000  0.0000  Clk_Div_Mux
DATA_SYNC                           507.1577      1.8    111.7865    395.3712  0.0000  DATA_SYNC_BUS_WIDTH8_NUM_STAGES2_test_1
NOT                                   3.5301      0.0      3.5301      0.0000  0.0000  NOT
PULSE_GEN                            71.7787      0.3      5.8835     65.8952  0.0000  PULSE_GEN_test_1
RST_SYNC_1                           65.8952      0.2      0.0000     65.8952  0.0000  RST_SYNC_NUM_STAGES2_test_0
RST_SYNC_2                           65.8952      0.2      0.0000     65.8952  0.0000  RST_SYNC_NUM_STAGES2_test_1
SYS_CTRL                           1521.4731      5.3    844.8706    676.6025  0.0000  SYS_CTRL_OPER_WIDTH8_ALU_OUT_WIDTH16_Address_width4_test_1
U0_MUX                               11.7670      0.0     11.7670      0.0000  0.0000  MUX2x1_2
U1_MUX                               11.7670      0.0     11.7670      0.0000  0.0000  MUX2x1_1
U2_MUX                               11.7670      0.0     11.7670      0.0000  0.0000  MUX2x1_7
U3_MUX                               12.9437      0.0     12.9437      0.0000  0.0000  MUX2x1_0
U4_MUX                               12.9437      0.0     12.9437      0.0000  0.0000  MUX2x1_6
U5_MUX                               12.9437      0.0     12.9437      0.0000  0.0000  MUX2x1_5
U6_MUX                               12.9437      0.0     12.9437      0.0000  0.0000  MUX2x1_4
U7_MUX                               12.9437      0.0     12.9437      0.0000  0.0000  MUX2x1_3
UART_RX                            2686.4062      9.4     45.8913      0.0000  0.0000  UART_RX_test_1
UART_RX/FSM_RX                      700.1365      2.4    568.3461    131.7904  0.0000  FSM_RX_test_1
UART_RX/data_sampling               563.6393      2.0    464.7965     98.8428  0.0000  data_sampling_test_1
UART_RX/deserializer                434.2023      1.5    170.6215    263.5808  0.0000  deserializer_test_1
UART_RX/edge_bit_counter            678.9559      2.4    347.1265    331.8294  0.0000  edge_bit_counter_test_1
UART_RX/parity_check                143.5574      0.5    110.6098     32.9476  0.0000  parity_check_test_1
UART_RX/stop_check                   81.1923      0.3     43.5379     37.6544  0.0000  stop_check_test_1
UART_RX/strt_check                   38.8311      0.1      5.8835     32.9476  0.0000  strt_check_test_1
UART_TX                            1049.6164      3.7      7.0602      0.0000  0.0000  UART_TX_test_1
UART_TX/FSM_TX                      212.9827      0.7    114.1399     98.8428  0.0000  FSM_TX_test_1
UART_TX/MUX                          25.8874      0.1     25.8874      0.0000  0.0000  MUX
UART_TX/Parity_calc                 134.1438      0.5    101.1962     32.9476  0.0000  Parity_calc_test_1
UART_TX/serializer                  669.5423      2.3    240.0468    429.4955  0.0000  serializer_test_1
regfile                            7040.1963     24.6   2512.2546   4527.9418  0.0000  regfile_Address_width4_Data_width8_depth16_test_1
--------------------------------  ----------  -------  ----------  ----------  ------  ------------------------------------------------------------
Total                                                  15839.5589  12804.8498  0.0000

1
