 
****************************************
Report : timing
        -path full
        -delay min
        -max_paths 1
Design : Final_System_dft
Version: O-2018.06-SP1
Date   : Mon Oct  5 01:29:47 2026
****************************************

Operating Conditions: scmetro_tsmc_cl013g_rvt_ff_1p32v_m40c   Library: scmetro_tsmc_cl013g_rvt_ff_1p32v_m40c
Wire Load Model Mode: top

  Startpoint: ALU/ALU_OUT_reg[8]
              (rising edge-triggered flip-flop clocked by ALU_CLK)
  Endpoint: ALU/ALU_OUT_reg[9]
            (rising edge-triggered flip-flop clocked by ALU_CLK)
  Path Group: ALU_CLK
  Path Type: min

  Des/Clust/Port     Wire Load Model       Library
  ------------------------------------------------
  Final_System_dft   tsmc13_wl10           scmetro_tsmc_cl013g_rvt_ff_1p32v_m40c

  Point                                    Incr       Path
  -----------------------------------------------------------
  clock ALU_CLK (rise edge)                0.00       0.00
  clock network delay (ideal)              0.00       0.00
  ALU/ALU_OUT_reg[8]/CK (SDFFRQX2M)        0.00       0.00 r
  ALU/ALU_OUT_reg[8]/Q (SDFFRQX2M)         0.46       0.46 r
  ALU/ALU_OUT_reg[9]/SI (SDFFRQX2M)        0.00       0.46 r
  data arrival time                                   0.46

  clock ALU_CLK (rise edge)                0.00       0.00
  clock network delay (ideal)              0.00       0.00
  clock uncertainty                        0.10       0.10
  ALU/ALU_OUT_reg[9]/CK (SDFFRQX2M)        0.00       0.10 r
  library hold time                       -0.21      -0.11
  data required time                                 -0.11
  -----------------------------------------------------------
  data required time                                 -0.11
  data arrival time                                  -0.46
  -----------------------------------------------------------
  slack (MET)                                         0.56


  Startpoint: SYS_CTRL/internal_ALU_FUN_reg[0]
              (rising edge-triggered flip-flop clocked by REF_CLK)
  Endpoint: SYS_CTRL/internal_ALU_FUN_reg[1]
            (rising edge-triggered flip-flop clocked by REF_CLK)
  Path Group: REF_CLK
  Path Type: min

  Des/Clust/Port     Wire Load Model       Library
  ------------------------------------------------
  Final_System_dft   tsmc13_wl10           scmetro_tsmc_cl013g_rvt_ff_1p32v_m40c

  Point                                                   Incr       Path
  --------------------------------------------------------------------------
  clock REF_CLK (rise edge)                               0.00       0.00
  clock network delay (ideal)                             0.00       0.00
  SYS_CTRL/internal_ALU_FUN_reg[0]/CK (SDFFRX1M)          0.00       0.00 r
  SYS_CTRL/internal_ALU_FUN_reg[0]/QN (SDFFRX1M)          0.35       0.35 r
  SYS_CTRL/internal_ALU_FUN_reg[1]/SI (SDFFRX1M)          0.00       0.35 r
  data arrival time                                                  0.35

  clock REF_CLK (rise edge)                               0.00       0.00
  clock network delay (ideal)                             0.00       0.00
  clock uncertainty                                       0.10       0.10
  SYS_CTRL/internal_ALU_FUN_reg[1]/CK (SDFFRX1M)          0.00       0.10 r
  library hold time                                      -0.22      -0.12
  data required time                                                -0.12
  --------------------------------------------------------------------------
  data required time                                                -0.12
  data arrival time                                                 -0.35
  --------------------------------------------------------------------------
  slack (MET)                                                        0.47


  Startpoint: UART_RX/FSM_RX/data_valid_reg
              (rising edge-triggered flip-flop clocked by RX_CLK)
  Endpoint: UART_RX/data_sampling/bit_1_reg
            (rising edge-triggered flip-flop clocked by RX_CLK)
  Path Group: RX_CLK
  Path Type: min

  Des/Clust/Port     Wire Load Model       Library
  ------------------------------------------------
  Final_System_dft   tsmc13_wl10           scmetro_tsmc_cl013g_rvt_ff_1p32v_m40c

  Point                                                   Incr       Path
  --------------------------------------------------------------------------
  clock RX_CLK (rise edge)                                0.00       0.00
  clock network delay (ideal)                             0.00       0.00
  UART_RX/FSM_RX/data_valid_reg/CK (SDFFRQX2M)            0.00       0.00 r
  UART_RX/FSM_RX/data_valid_reg/Q (SDFFRQX2M)             0.46       0.46 r
  UART_RX/FSM_RX/data_valid (FSM_RX_test_1)               0.00       0.46 r
  UART_RX/data_sampling/test_si (data_sampling_test_1)
                                                          0.00       0.46 r
  UART_RX/data_sampling/bit_1_reg/SI (SDFFRQX2M)          0.00       0.46 r
  data arrival time                                                  0.46

  clock RX_CLK (rise edge)                                0.00       0.00
  clock network delay (ideal)                             0.00       0.00
  clock uncertainty                                       0.10       0.10
  UART_RX/data_sampling/bit_1_reg/CK (SDFFRQX2M)          0.00       0.10 r
  library hold time                                      -0.20      -0.10
  data required time                                                -0.10
  --------------------------------------------------------------------------
  data required time                                                -0.10
  data arrival time                                                 -0.46
  --------------------------------------------------------------------------
  slack (MET)                                                        0.56


  Startpoint: UART_TX/serializer/shift_register_reg[0]
              (rising edge-triggered flip-flop clocked by TX_CLK)
  Endpoint: UART_TX/serializer/shift_register_reg[1]
            (rising edge-triggered flip-flop clocked by TX_CLK)
  Path Group: TX_CLK
  Path Type: min

  Des/Clust/Port     Wire Load Model       Library
  ------------------------------------------------
  Final_System_dft   tsmc13_wl10           scmetro_tsmc_cl013g_rvt_ff_1p32v_m40c

  Point                                                   Incr       Path
  --------------------------------------------------------------------------
  clock TX_CLK (rise edge)                                0.00       0.00
  clock network delay (ideal)                             0.00       0.00
  UART_TX/serializer/shift_register_reg[0]/CK (SDFFRX1M)
                                                          0.00       0.00 r
  UART_TX/serializer/shift_register_reg[0]/Q (SDFFRX1M)
                                                          0.47       0.47 r
  UART_TX/serializer/shift_register_reg[1]/SI (SDFFRQX1M)
                                                          0.00       0.47 r
  data arrival time                                                  0.47

  clock TX_CLK (rise edge)                                0.00       0.00
  clock network delay (ideal)                             0.00       0.00
  clock uncertainty                                       0.10       0.10
  UART_TX/serializer/shift_register_reg[1]/CK (SDFFRQX1M)
                                                          0.00       0.10 r
  library hold time                                      -0.21      -0.11
  data required time                                                -0.11
  --------------------------------------------------------------------------
  data required time                                                -0.11
  data arrival time                                                 -0.47
  --------------------------------------------------------------------------
  slack (MET)                                                        0.59


  Startpoint: ClkDiv_RX/clk_odd_div_reg
              (falling edge-triggered flip-flop clocked by UART_CLK)
  Endpoint: ClkDiv_RX/count_negative_reg[0]
            (falling edge-triggered flip-flop clocked by UART_CLK)
  Path Group: UART_CLK
  Path Type: min

  Des/Clust/Port     Wire Load Model       Library
  ------------------------------------------------
  Final_System_dft   tsmc13_wl10           scmetro_tsmc_cl013g_rvt_ff_1p32v_m40c

  Point                                                   Incr       Path
  --------------------------------------------------------------------------
  clock UART_CLK (fall edge)                            135.65     135.65
  clock network delay (ideal)                             0.00     135.65
  ClkDiv_RX/clk_odd_div_reg/CKN (SDFFNSRHX2M)             0.00     135.65 f
  ClkDiv_RX/clk_odd_div_reg/Q (SDFFNSRHX2M)               0.63     136.28 r
  ClkDiv_RX/count_negative_reg[0]/SI (SDFFNSRHX2M)        0.00     136.28 r
  data arrival time                                                136.28

  clock UART_CLK (fall edge)                            135.65     135.65
  clock network delay (ideal)                             0.00     135.65
  clock uncertainty                                       0.10     135.75
  ClkDiv_RX/count_negative_reg[0]/CKN (SDFFNSRHX2M)       0.00     135.75 f
  library hold time                                       0.03     135.78
  data required time                                               135.78
  --------------------------------------------------------------------------
  data required time                                               135.78
  data arrival time                                               -136.28
  --------------------------------------------------------------------------
  slack (MET)                                                        0.50


1
