Warning: There are infeasible paths detected in your design that were ignored during optimization. Please run 'report_timing -attributes' and/or 'create_qor_snapshot/query_qor_snapshot -infeasible_paths' to identify these paths.  (OPT-1721)
 
****************************************
Report : timing
        -path full
        -delay min
        -max_paths 1
Design : Final_System_dft
Version: O-2018.06-SP1
Date   : Sun Sep 27 03:00:03 2026
****************************************

Operating Conditions: scmetro_tsmc_cl013g_rvt_ff_1p32v_m40c   Library: scmetro_tsmc_cl013g_rvt_ff_1p32v_m40c
Wire Load Model Mode: top

  Startpoint: ALU/ALU_OUT_reg[8]
              (rising edge-triggered flip-flop clocked by ALU_CLK)
  Endpoint: ALU/ALU_OUT_reg[9]
            (rising edge-triggered flip-flop clocked by ALU_CLK)
  Path Group: ALU_CLK
  Path Type: min

  Des/Clust/Port     Wire Load Model       Library
  ------------------------------------------------
  Final_System_dft   tsmc13_wl10           scmetro_tsmc_cl013g_rvt_ff_1p32v_m40c

  Point                                    Incr       Path
  -----------------------------------------------------------
  clock ALU_CLK (rise edge)                0.00       0.00
  clock network delay (ideal)              0.00       0.00
  ALU/ALU_OUT_reg[8]/CK (SDFFRQX2M)        0.00       0.00 r
  ALU/ALU_OUT_reg[8]/Q (SDFFRQX2M)         0.46       0.46 r
  ALU/ALU_OUT_reg[9]/SI (SDFFRQX2M)        0.00       0.46 r
  data arrival time                                   0.46

  clock ALU_CLK (rise edge)                0.00       0.00
  clock network delay (ideal)              0.00       0.00
  clock uncertainty                        0.10       0.10
  ALU/ALU_OUT_reg[9]/CK (SDFFRQX2M)        0.00       0.10 r
  library hold time                       -0.21      -0.11
  data required time                                 -0.11
  -----------------------------------------------------------
  data required time                                 -0.11
  data arrival time                                  -0.46
  -----------------------------------------------------------
  slack (MET)                                         0.56


  Startpoint: SYS_CTRL/internal_ALU_FUN_reg[0]
              (rising edge-triggered flip-flop clocked by REF_CLK)
  Endpoint: SYS_CTRL/internal_ALU_FUN_reg[1]
            (rising edge-triggered flip-flop clocked by REF_CLK)
  Path Group: REF_CLK
  Path Type: min

  Des/Clust/Port     Wire Load Model       Library
  ------------------------------------------------
  Final_System_dft   tsmc13_wl10           scmetro_tsmc_cl013g_rvt_ff_1p32v_m40c

  Point                                                   Incr       Path
  --------------------------------------------------------------------------
  clock REF_CLK (rise edge)                               0.00       0.00
  clock network delay (ideal)                             0.00       0.00
  SYS_CTRL/internal_ALU_FUN_reg[0]/CK (SDFFRX1M)          0.00       0.00 r
  SYS_CTRL/internal_ALU_FUN_reg[0]/QN (SDFFRX1M)          0.36       0.36 r
  SYS_CTRL/internal_ALU_FUN_reg[1]/SI (SDFFRHQX8M)        0.00       0.36 r
  data arrival time                                                  0.36

  clock REF_CLK (rise edge)                               0.00       0.00
  clock network delay (ideal)                             0.00       0.00
  clock uncertainty                                       0.10       0.10
  SYS_CTRL/internal_ALU_FUN_reg[1]/CK (SDFFRHQX8M)        0.00       0.10 r
  library hold time                                      -0.14      -0.04
  data required time                                                -0.04
  --------------------------------------------------------------------------
  data required time                                                -0.04
  data arrival time                                                 -0.36
  --------------------------------------------------------------------------
  slack (MET)                                                        0.40


  Startpoint: UART_RX/edge_bit_counter/bit_cnt_reg[3]
              (rising edge-triggered flip-flop clocked by RX_CLK)
  Endpoint: UART_RX/edge_bit_counter/edge_cnt_reg[0]
            (rising edge-triggered flip-flop clocked by RX_CLK)
  Path Group: RX_CLK
  Path Type: min

  Des/Clust/Port     Wire Load Model       Library
  ------------------------------------------------
  Final_System_dft   tsmc13_wl10           scmetro_tsmc_cl013g_rvt_ff_1p32v_m40c

  Point                                                   Incr       Path
  --------------------------------------------------------------------------
  clock RX_CLK (rise edge)                                0.00       0.00
  clock network delay (ideal)                             0.00       0.00
  UART_RX/edge_bit_counter/bit_cnt_reg[3]/CK (SDFFRX2M)
                                                          0.00       0.00 r
  UART_RX/edge_bit_counter/bit_cnt_reg[3]/QN (SDFFRX2M)
                                                          0.35       0.35 f
  UART_RX/edge_bit_counter/edge_cnt_reg[0]/SI (SDFFRQX2M)
                                                          0.00       0.35 f
  data arrival time                                                  0.35

  clock RX_CLK (rise edge)                                0.00       0.00
  clock network delay (ideal)                             0.00       0.00
  clock uncertainty                                       0.10       0.10
  UART_RX/edge_bit_counter/edge_cnt_reg[0]/CK (SDFFRQX2M)
                                                          0.00       0.10 r
  library hold time                                      -0.32      -0.22
  data required time                                                -0.22
  --------------------------------------------------------------------------
  data required time                                                -0.22
  data arrival time                                                 -0.35
  --------------------------------------------------------------------------
  slack (MET)                                                        0.57


  Startpoint: UART_TX/serializer/shift_register_reg[0]
              (rising edge-triggered flip-flop clocked by TX_CLK)
  Endpoint: UART_TX/serializer/shift_register_reg[1]
            (rising edge-triggered flip-flop clocked by TX_CLK)
  Path Group: TX_CLK
  Path Type: min

  Des/Clust/Port     Wire Load Model       Library
  ------------------------------------------------
  Final_System_dft   tsmc13_wl10           scmetro_tsmc_cl013g_rvt_ff_1p32v_m40c

  Point                                                   Incr       Path
  --------------------------------------------------------------------------
  clock TX_CLK (rise edge)                                0.00       0.00
  clock network delay (ideal)                             0.00       0.00
  UART_TX/serializer/shift_register_reg[0]/CK (SDFFRX1M)
                                                          0.00       0.00 r
  UART_TX/serializer/shift_register_reg[0]/Q (SDFFRX1M)
                                                          0.47       0.47 r
  UART_TX/serializer/shift_register_reg[1]/SI (SDFFRQX1M)
                                                          0.00       0.47 r
  data arrival time                                                  0.47

  clock TX_CLK (rise edge)                                0.00       0.00
  clock network delay (ideal)                             0.00       0.00
  clock uncertainty                                       0.10       0.10
  UART_TX/serializer/shift_register_reg[1]/CK (SDFFRQX1M)
                                                          0.00       0.10 r
  library hold time                                      -0.21      -0.11
  data required time                                                -0.11
  --------------------------------------------------------------------------
  data required time                                                -0.11
  data arrival time                                                 -0.47
  --------------------------------------------------------------------------
  slack (MET)                                                        0.59


  Startpoint: ClkDiv_RX/clk_odd_div_reg
              (falling edge-triggered flip-flop clocked by UART_CLK)
  Endpoint: ClkDiv_RX/count_negative_reg[0]
            (falling edge-triggered flip-flop clocked by UART_CLK)
  Path Group: UART_CLK
  Path Type: min

  Des/Clust/Port     Wire Load Model       Library
  ------------------------------------------------
  Final_System_dft   tsmc13_wl10           scmetro_tsmc_cl013g_rvt_ff_1p32v_m40c

  Point                                                   Incr       Path
  --------------------------------------------------------------------------
  clock UART_CLK (fall edge)                            135.65     135.65
  clock network delay (ideal)                             0.00     135.65
  ClkDiv_RX/clk_odd_div_reg/CKN (SDFFNSRHX2M)             0.00     135.65 f
  ClkDiv_RX/clk_odd_div_reg/Q (SDFFNSRHX2M)               0.63     136.28 r
  ClkDiv_RX/count_negative_reg[0]/SI (SDFFNSRHX2M)        0.00     136.28 r
  data arrival time                                                136.28

  clock UART_CLK (fall edge)                            135.65     135.65
  clock network delay (ideal)                             0.00     135.65
  clock uncertainty                                       0.10     135.75
  ClkDiv_RX/count_negative_reg[0]/CKN (SDFFNSRHX2M)       0.00     135.75 f
  library hold time                                       0.03     135.78
  data required time                                               135.78
  --------------------------------------------------------------------------
  data required time                                               135.78
  data arrival time                                               -136.28
  --------------------------------------------------------------------------
  slack (MET)                                                        0.50


1
