Loading db file '/home/ICer/IC/Projects/System/Stdcell/scmetro_tsmc_cl013g_rvt_ss_1p08v_125c.db'
Information: Propagating switching activity (low effort zero delay simulation). (PWR-6)
Warning: Design has unannotated primary inputs. (PWR-414)
Warning: Design has unannotated sequential cell outputs. (PWR-415)
 
****************************************
Report : power
        -hier
        -analysis_effort low
Design : Final_System
Version: O-2018.06-SP1
Date   : Sat Sep 26 04:31:47 2026
****************************************


Library(s) Used:

    scmetro_tsmc_cl013g_rvt_ss_1p08v_125c (File: /home/ICer/IC/Projects/System/Stdcell/scmetro_tsmc_cl013g_rvt_ss_1p08v_125c.db)


Operating Conditions: scmetro_tsmc_cl013g_rvt_ss_1p08v_125c   Library: scmetro_tsmc_cl013g_rvt_ss_1p08v_125c
Wire Load Model Mode: top

Design        Wire Load Model            Library
------------------------------------------------
Final_System           tsmc13_wl10       scmetro_tsmc_cl013g_rvt_ff_1p32v_m40c


Global Operating Voltage = 1.08 
Power-specific unit information :
    Voltage Units = 1V
    Capacitance Units = 1.000000pf
    Time Units = 1ns
    Dynamic Power Units = 1mW    (derived from V,C,T units)
    Leakage Power Units = 1pW


--------------------------------------------------------------------------------
                                       Switch   Int      Leak     Total
Hierarchy                              Power    Power    Power    Power    %
--------------------------------------------------------------------------------
Final_System                           2.98e-02    0.210 1.48e+07    0.255 100.0
  Clk_Div_Mux (Clk_Div_Mux)               0.000    0.000 5.67e+04 5.67e-05   0.0
  ClkDiv_TX (ClkDiv_1)                 5.82e-04 1.54e-03 1.27e+06 3.39e-03   1.3
    add_38_aco (ClkDiv_1_DW01_inc_2)   1.40e-05 6.61e-06 9.74e+04 1.18e-04   0.0
    r95 (ClkDiv_1_DW01_inc_1)          1.41e-05 7.47e-06 9.74e+04 1.19e-04   0.0
    r98 (ClkDiv_1_DW01_inc_0)             0.000    0.000 9.76e+04 9.76e-05   0.0
  ClkDiv_RX (ClkDiv_0)                 1.68e-03 1.49e-03 1.29e+06 4.46e-03   1.7
    add_38_aco (ClkDiv_0_DW01_inc_2)      0.000    0.000 9.76e+04 9.76e-05   0.0
    r95 (ClkDiv_0_DW01_inc_1)             0.000    0.000 9.76e+04 9.76e-05   0.0
    r98 (ClkDiv_0_DW01_inc_0)             0.000    0.000 9.76e+04 9.76e-05   0.0
  PULSE_GEN (PULSE_GEN)                   0.000 1.05e-05 2.19e+04 3.25e-05   0.0
  NOT (NOT)                               0.000    0.000 1.46e+03 1.46e-06   0.0
  UART_TX (UART_TX)                    4.13e-04 1.24e-04 4.69e+05 1.01e-03   0.4
    MUX (MUX)                             0.000    0.000 2.34e+04 2.34e-05   0.0
    Parity_calc (Parity_calc)             0.000 5.27e-06 1.12e+05 1.18e-04   0.0
    serializer (serializer)            2.92e-04 8.64e-05 2.38e+05 6.17e-04   0.2
    FSM_TX (FSM_TX)                       0.000 1.58e-05 9.11e+04 1.07e-04   0.0
  ASYNC_FIFO (ASYNC_FIFO_data_width8_depth8_addr_width4_NUM_STAGES2)
                                       4.46e-03 6.14e-02 2.26e+06 6.81e-02  26.7
    DF_SYNC_W (DF_SYNC_data_width5_NUM_STAGES2_1)
                                       4.60e-04 7.26e-03 1.09e+05 7.83e-03   3.1
    DF_SYNC_R (DF_SYNC_data_width5_NUM_STAGES2_0)
                                       2.27e-04 6.60e-05 9.22e+04 3.85e-04   0.2
    FIFO_rptr (FIFO_rptr_addr_width4)  2.27e-04 6.57e-05 3.57e+05 6.50e-04   0.3
    FIFO_wptr (FIFO_wptr_addr_width4)  4.54e-04 7.40e-03 3.67e+05 8.22e-03   3.2
    FIFO_MEM_CNTRL (FIFO_MEM_CNTRL_data_width8_depth8_addr_width4)
                                       2.85e-03 4.66e-02 1.32e+06 5.07e-02  19.9
  ALU (ALU_OPER_WIDTH8_OUT_WIDTH16)    8.02e-04 1.24e-02 4.31e+06 1.75e-02   6.9
    mult_49 (ALU_OPER_WIDTH8_OUT_WIDTH16_DW02_mult_0)
                                          0.000    0.000 1.60e+06 1.60e-03   0.6
    add_43 (ALU_OPER_WIDTH8_OUT_WIDTH16_DW01_add_0)
                                          0.000    0.000 2.02e+05 2.02e-04   0.1
    sub_46 (ALU_OPER_WIDTH8_OUT_WIDTH16_DW01_sub_0)
                                          0.000    0.000 2.43e+05 2.43e-04   0.1
    div_52 (ALU_OPER_WIDTH8_OUT_WIDTH16_DW_div_uns_0)
                                          0.000    0.000 1.36e+06 1.36e-03   0.5
  regfile (regfile_Address_width4_Data_width8_depth16)
                                       6.24e-03 9.98e-02 2.76e+06    0.109  42.7
  SYS_CTRL (SYS_CTRL_OPER_WIDTH8_ALU_OUT_WIDTH16_Address_width4)
                                       9.04e-04 1.51e-02 6.66e+05 1.66e-02   6.5
  DATA_SYNC (DATA_SYNC_BUS_WIDTH8_NUM_STAGES2)
                                       5.53e-04 8.72e-03 1.80e+05 9.45e-03   3.7
  UART_RX (UART_RX)                    2.12e-03 2.10e-03 1.46e+06 5.69e-03   2.2
    strt_check (strt_check)               0.000 5.66e-05 1.21e+04 6.87e-05   0.0
    stop_check (stop_check)               0.000 5.66e-05 1.75e+04 7.40e-05   0.0
    parity_check (parity_check)           0.000 5.66e-05 1.20e+05 1.76e-04   0.1
    edge_bit_counter (edge_bit_counter)
                                       1.10e-03 8.29e-04 3.45e+05 2.27e-03   0.9
    deserializer (deserializer)           0.000 4.53e-04 1.58e+05 6.10e-04   0.2
    data_sampling (data_sampling)      5.11e-05 1.87e-04 3.76e+05 6.14e-04   0.2
    FSM_RX (FSM_RX)                    5.50e-04 4.41e-04 4.29e+05 1.42e-03   0.6
  RST_SYNC_2 (RST_SYNC_NUM_STAGES2_1)  3.47e-05 2.43e-04 2.40e+04 3.02e-04   0.1
  RST_SYNC_1 (RST_SYNC_NUM_STAGES2_0)  6.98e-05 2.25e-03 2.53e+04 2.35e-03   0.9
  CLK_GATE (CLK_GATE)                  1.14e-02 5.24e-03 3.71e+04 1.67e-02   6.5
1
